x1 (POWERON_RESET),boot:0x13 (SPI_FAST_FLASH_BOOT)
configsip: 0, SPIWP:0xee
clk_drv:0x00,q_drv:0x00,d_drv:0x00,cs0_drv:0x00,hd_drv:0x00,wï¿½ets Jul 29 2019 12:21:46

rst:0x1 (POWERON_RESET),boot:0x13 (SPI_FAST_FLASH_BOOT)
configsip: 0, SPIWP:0xee
clk_drv:0x00,q_drv:0x00,d_drv:0x00,cs0_drv:0x00,hd_drv:0x00,wp_drv:0x00
mode:DIO, clock div:2
load:0x3fff0030,len:7112
load:0x40078000,len:15624
load:0x40080400,len:4
load:0x40080404,len:3876
entry 0x4008064c
[0;32mI (29) boot: ESP-IDF v5.1.5 2nd stage bootloader[0m
[0;32mI (29) boot: compile time Nov 13 2024 15:16:31[0m
[0;32mI (29) boot: Multicore bootloader[0m
[0;32mI (34) boot: chip revision: v3.1[0m
[0;32mI (37) boot.esp32: SPI Speed      : 40MHz[0m
[0;32mI (42) boot.esp32: SPI Mode       : DIO[0m
[0;32mI (47) boot.esp32: SPI Flash Size : 4MB[0m
[0;32mI (51) boot: Enabling RNG early entropy source...[0m
[0;32mI (57) boot: Partition Table:[0m
[0;32mI (60) boot: ## Label            Usage          Type ST Offset   Length[0m
[0;32mI (67) boot:  0 nvs              WiFi data        01 02 00009000 00006000[0m
[0;32mI (75) boot:  1 phy_init         RF data          01 01 0000f000 00001000[0m
[0;32mI (82) boot:  2 factory          factory app      00 00 00010000 00100000[0m
[0;32mI (90) boot: End of partition table[0m
[0;32mI (94) esp_image: segment 0: paddr=00010020 vaddr=3f400020 size=0b660h ( 46688) map[0m
[0;32mI (119) esp_image: segment 1: paddr=0001b688 vaddr=3ffb0000 size=022a0h (  8864) load[0m
[0;32mI (123) esp_image: segment 2: paddr=0001d930 vaddr=40080000 size=026e8h (  9960) load[0m
[0;32mI (129) esp_image: segment 3: paddr=00020020 vaddr=400d0020 size=184d0h ( 99536) map[0m
[0;32mI (170) esp_image: segment 4: paddr=000384f8 vaddr=400826e8 size=0b328h ( 45864) load[0m
[0;32mI (196) boot: Loaded app from partition at offset 0x10000[0m
[0;32mI (196) boot: Disabling RNG early entropy source...[0m
[0;32mI (207) cpu_start: Multicore app[0m
[0;32mI (208) cpu_start: Pro cpu up.[0m
[0;32mI (208) cpu_start: Starting app cpu, entry point is 0x400811ec[0m
[0;32mI (0) cpu_start: App cpu up.[0m
[0;32mI (226) cpu_start: Pro cpu start user code[0m
[0;32mI (226) cpu_start: cpu freq: 160000000 Hz[0m
[0;32mI (226) cpu_start: Application information:[0m
[0;32mI (230) cpu_start: Project name:     EPDTEST2[0m
[0;32mI (235) cpu_start: App version:      5718c25-dirty[0m
[0;32mI (241) cpu_start: Compile time:     Nov 19 2024 12:18:54[0m
[0;32mI (247) cpu_start: ELF file SHA256:  64a2ab38cb953266...[0m
[0;32mI (253) cpu_start: ESP-IDF:          v5.1.5[0m
[0;32mI (258) cpu_start: Min chip rev:     v0.0[0m
[0;32mI (262) cpu_start: Max chip rev:     v3.99 [0m
[0;32mI (267) cpu_start: Chip rev:         v3.1[0m
[0;32mI (272) heap_init: Initializing. RAM available for dynamic allocation:[0m
[0;32mI (279) heap_init: At 3FFAE6E0 len 00001920 (6 KiB): DRAM[0m
[0;32mI (285) heap_init: At 3FFB2B68 len 0002D498 (181 KiB): DRAM[0m
[0;32mI (292) heap_init: At 3FFE0440 len 00003AE0 (14 KiB): D/IRAM[0m
[0;32mI (298) heap_init: At 3FFE4350 len 0001BCB0 (111 KiB): D/IRAM[0m
[0;32mI (304) heap_init: At 4008DA10 len 000125F0 (73 KiB): IRAM[0m
[0;32mI (312) spi_flash: detected chip: generic[0m
[0;32mI (315) spi_flash: flash io: dio[0m
[0;32mI (320) app_start: Starting scheduler on CPU0[0m
[0;32mI (324) app_start: Starting scheduler on CPU1[0m
[0;32mI (324) main_task: Started on CPU0[0m
[0;32mI (334) main_task: Calling app_main()[0m
[0;32mI (334) gpio: GPIO[16]| InputEn: 0| OutputEn: 0| OpenDrain: 0| Pullup: 1| Pulldown: 0| Intr:0 [0m
[0;32mI (344) gpio: GPIO[17]| InputEn: 0| OutputEn: 0| OpenDrain: 0| Pullup: 1| Pulldown: 0| Intr:0 [0m
[0;32mI (354) gpio: GPIO[5]| InputEn: 0| OutputEn: 0| OpenDrain: 0| Pullup: 1| Pulldown: 0| Intr:0 [0m
[0;32mI (364) gpio: GPIO[4]| InputEn: 0| OutputEn: 0| OpenDrain: 0| Pullup: 1| Pulldown: 0| Intr:0 [0m
[0;32mI (884) EPD: E-Paper initialized successfully[0m
[0;32mI (14814) EPD: The Display is cleared[0m
[0;32mI (14914) EPD: QR code displayed successfully[0m
[0;32mI (28854) EPD: The Image had been Displayed[0m
[0;32mI (28954) EPD: The display is in Deep Sleep[0m
