0x13 (SPI_FAST_FLASH_BOOT)
configsip: 0, SPIWP:0xee
clk_drv:0x00,q_drv:0x00,d_drv:0x00,cs0ï¿½ets Jul 29 2019 12:21:46

rst:0x1 (POWERON_RESET),boot:0x13 (SPI_FAST_FLASH_BOOT)
configsip: 0, SPIWP:0xee
clk_drv:0x00,q_drv:0x00,d_drv:0x00,cs0_drv:0x00,hd_drv:0x00,wp_drv:0x00
mode:DIO, clock div:2
load:0x3fff0030,len:7112
load:0x40078000,len:15624
load:0x40080400,len:4
load:0x40080404,len:3876
entry 0x4008064c
[0;32mI (29) boot: ESP-IDF v5.1.5 2nd stage bootloader[0m
[0;32mI (29) boot: compile time Nov 13 2024 15:16:31[0m
[0;32mI (29) boot: Multicore bootloader[0m
[0;32mI (34) boot: chip revision: v3.1[0m
[0;32mI (37) boot.esp32: SPI Speed      : 40MHz[0m
[0;32mI (42) boot.esp32: SPI Mode       : DIO[0m
[0;32mI (47) boot.esp32: SPI Flash Size : 4MB[0m
[0;32mI (51) boot: Enabling RNG early entropy source...[0m
[0;32mI (57) boot: Partition Table:[0m
[0;32mI (60) boot: ## Label            Usage          Type ST Offset   Length[0m
[0;32mI (67) boot:  0 nvs              WiFi data        01 02 00009000 00006000[0m
[0;32mI (75) boot:  1 phy_init         RF data          01 01 0000f000 00001000[0m
[0;32mI (82) boot:  2 factory          factory app      00 00 00010000 00100000[0m
[0;32mI (90) boot: End of partition table[0m
[0;32mI (94) esp_image: segment 0: paddr=00010020 vaddr=3f400020 size=0afb8h ( 44984) map[0m
[0;32mI (119) esp_image: segment 1: paddr=0001afe0 vaddr=3ffb0000 size=02284h (  8836) load[0m
[0;32mI (122) esp_image: segment 2: paddr=0001d26c vaddr=40080000 size=02dach ( 11692) load[0m
[0;32mI (129) esp_image: segment 3: paddr=00020020 vaddr=400d0020 size=165f8h ( 91640) map[0m
[0;32mI (166) esp_image: segment 4: paddr=00036620 vaddr=40082dac size=0a8e4h ( 43236) load[0m
[0;32mI (191) boot: Loaded app from partition at offset 0x10000[0m
[0;32mI (191) boot: Disabling RNG early entropy source...[0m
[0;32mI (203) cpu_start: Multicore app[0m
[0;32mI (204) cpu_start: Pro cpu up.[0m
[0;32mI (204) cpu_start: Starting app cpu, entry point is 0x400811ac[0m
[0;32mI (0) cpu_start: App cpu up.[0m
[0;32mI (221) cpu_start: Pro cpu start user code[0m
[0;32mI (221) cpu_start: cpu freq: 160000000 Hz[0m
[0;32mI (221) cpu_start: Application information:[0m
[0;32mI (226) cpu_start: Project name:     EPDTEST2[0m
[0;32mI (231) cpu_start: App version:      1[0m
[0;32mI (235) cpu_start: Compile time:     Nov 13 2024 15:16:30[0m
[0;32mI (241) cpu_start: ELF file SHA256:  9c876f5175aa83e4...[0m
[0;32mI (247) cpu_start: ESP-IDF:          v5.1.5[0m
[0;32mI (252) cpu_start: Min chip rev:     v0.0[0m
[0;32mI (257) cpu_start: Max chip rev:     v3.99 [0m
[0;32mI (262) cpu_start: Chip rev:         v3.1[0m
[0;32mI (267) heap_init: Initializing. RAM available for dynamic allocation:[0m
[0;32mI (274) heap_init: At 3FFAE6E0 len 00001920 (6 KiB): DRAM[0m
[0;32mI (280) heap_init: At 3FFB2B48 len 0002D4B8 (181 KiB): DRAM[0m
[0;32mI (286) heap_init: At 3FFE0440 len 00003AE0 (14 KiB): D/IRAM[0m
[0;32mI (292) heap_init: At 3FFE4350 len 0001BCB0 (111 KiB): D/IRAM[0m
[0;32mI (299) heap_init: At 4008D690 len 00012970 (74 KiB): IRAM[0m
[0;32mI (306) spi_flash: detected chip: generic[0m
[0;32mI (309) spi_flash: flash io: dio[0m
[0;32mI (314) app_start: Starting scheduler on CPU0[0m
[0;32mI (319) app_start: Starting scheduler on CPU1[0m
[0;32mI (319) main_task: Started on CPU0[0m
[0;32mI (329) main_task: Calling app_main()[0m
[0;33mW (329) DISPLAY: Before EDP Reset[0m
[0;33mW (729) DISPLAY: After EDP Init [0m
[0;32mI (729) DISPLAY: EPD_DC_PIN level Command : 0[0m
[0;32mI (729) DISPLAY: EPD_CS_PIN level Command : 0[0m
[0;33mW (929) DISPLAY: After Soft Reset[0m
[0;32mI (929) DISPLAY: EPD_DC_PIN level Command : 0[0m
[0;32mI (929) DISPLAY: EPD_CS_PIN level Command : 0[0m
[0;32mI (929) DISPLAY: EPD_DC_PIN level Data : 0[0m
[0;32mI (929) DISPLAY: EPD_CS_PIN level Data: 0[0m
[0;32mI (939) DISPLAY: EPD_DC_PIN level Data : 0[0m
[0;32mI (939) DISPLAY: EPD_CS_PIN level Data: 0[0m
[0;32mI (949) DISPLAY: EPD_DC_PIN level Data : 0[0m
[0;32mI (949) DISPLAY: EPD_CS_PIN level Data: 0[0m
[0;33mW (959) DISPLAY: After Drivrer Control Output[0m
Guru Meditation Error: Core  0 panic'ed (LoadProhibited). Exception was unhandled.

Core  0 register dump:
PC      : 0x400832d7  PS      : 0x00060530  A0      : 0x800d78bf  A1      : 0x3ffb4cb0  
A2      : 0x3ffb4e10  A3      : 0x3ffb4d30  A4      : 0x00000000  A5      : 0x3ffb4bd0  
A6      : 0x3ffb49d0  A7      : 0x00000002  A8      : 0x00000000  A9      : 0x00000000  
A10     : 0x00000001  A11     : 0x00000000  A12     : 0x80088a7e  A13     : 0x3ffb4be0  
A14     : 0x00000003  A15     : 0x00060023  SAR     : 0x0000001b  EXCCAUSE: 0x0000001c  
EXCVADDR: 0x00000088  LBEG    : 0x400014fd  LEND    : 0x4000150d  LCOUNT  : 0xfffffffd  


Backtrace: 0x400832d4:0x3ffb4cb0 0x400d78bc:0x3ffb4cd0 0x400d79c3:0x3ffb4d00 0x400d58fc:0x3ffb4d30 0x400d5b62:0x3ffb4d90 0x400d5882:0x3ffb4e10 0x400e5e24:0x3ffb4e40 0x40088795:0x3ffb4e70




ELF file SHA256: 9c876f5175aa83e4

CPU halted.
