:0x13 (SPI_FAST_FLASH_BOOT)
configsip: 0, SPIWP:0xee
clk_drv:0x00,q_drv:0x00,d_drv:0x00,cs0_drv:0x00,hd_drv:0x00,wp_drv:0x00
mode:DIO, clï¿½ets Jul 29 2019 12:21:46

rst:0x1 (POWERON_RESET),boot:0x13 (SPI_FAST_FLASH_BOOT)
configsip: 0, SPIWP:0xee
clk_drv:0x00,q_drv:0x00,d_drv:0x00,cs0_drv:0x00,hd_drv:0x00,wp_drv:0x00
mode:DIO, clock div:2
load:0x3fff0030,len:7112
load:0x40078000,len:15624
load:0x40080400,len:4
load:0x40080404,len:3876
entry 0x4008064c
[0;32mI (29) boot: ESP-IDF v5.1.5 2nd stage bootloader[0m
[0;32mI (29) boot: compile time Nov 13 2024 15:16:31[0m
[0;32mI (29) boot: Multicore bootloader[0m
[0;32mI (34) boot: chip revision: v3.1[0m
[0;32mI (37) boot.esp32: SPI Speed      : 40MHz[0m
[0;32mI (42) boot.esp32: SPI Mode       : DIO[0m
[0;32mI (47) boot.esp32: SPI Flash Size : 4MB[0m
[0;32mI (51) boot: Enabling RNG early entropy source...[0m
[0;32mI (57) boot: Partition Table:[0m
[0;32mI (60) boot: ## Label            Usage          Type ST Offset   Length[0m
[0;32mI (67) boot:  0 nvs              WiFi data        01 02 00009000 00006000[0m
[0;32mI (75) boot:  1 phy_init         RF data          01 01 0000f000 00001000[0m
[0;32mI (82) boot:  2 factory          factory app      00 00 00010000 00100000[0m
[0;32mI (90) boot: End of partition table[0m
[0;32mI (94) esp_image: segment 0: paddr=00010020 vaddr=3f400020 size=0b050h ( 45136) map[0m
[0;32mI (119) esp_image: segment 1: paddr=0001b078 vaddr=3ffb0000 size=02284h (  8836) load[0m
[0;32mI (123) esp_image: segment 2: paddr=0001d304 vaddr=40080000 size=02d14h ( 11540) load[0m
[0;32mI (129) esp_image: segment 3: paddr=00020020 vaddr=400d0020 size=165f4h ( 91636) map[0m
[0;32mI (166) esp_image: segment 4: paddr=0003661c vaddr=40082d14 size=0a97ch ( 43388) load[0m
[0;32mI (191) boot: Loaded app from partition at offset 0x10000[0m
[0;32mI (191) boot: Disabling RNG early entropy source...[0m
[0;32mI (203) cpu_start: Multicore app[0m
[0;32mI (204) cpu_start: Pro cpu up.[0m
[0;32mI (204) cpu_start: Starting app cpu, entry point is 0x400811ac[0m
[0;32mI (0) cpu_start: App cpu up.[0m
[0;32mI (221) cpu_start: Pro cpu start user code[0m
[0;32mI (221) cpu_start: cpu freq: 160000000 Hz[0m
[0;32mI (221) cpu_start: Application information:[0m
[0;32mI (226) cpu_start: Project name:     EPDTEST2[0m
[0;32mI (231) cpu_start: App version:      1[0m
[0;32mI (235) cpu_start: Compile time:     Nov 13 2024 15:16:30[0m
[0;32mI (241) cpu_start: ELF file SHA256:  8f6ce621d85c8a49...[0m
[0;32mI (247) cpu_start: ESP-IDF:          v5.1.5[0m
[0;32mI (252) cpu_start: Min chip rev:     v0.0[0m
[0;32mI (257) cpu_start: Max chip rev:     v3.99 [0m
[0;32mI (262) cpu_start: Chip rev:         v3.1[0m
[0;32mI (267) heap_init: Initializing. RAM available for dynamic allocation:[0m
[0;32mI (274) heap_init: At 3FFAE6E0 len 00001920 (6 KiB): DRAM[0m
[0;32mI (280) heap_init: At 3FFB2B48 len 0002D4B8 (181 KiB): DRAM[0m
[0;32mI (286) heap_init: At 3FFE0440 len 00003AE0 (14 KiB): D/IRAM[0m
[0;32mI (292) heap_init: At 3FFE4350 len 0001BCB0 (111 KiB): D/IRAM[0m
[0;32mI (299) heap_init: At 4008D690 len 00012970 (74 KiB): IRAM[0m
[0;32mI (306) spi_flash: detected chip: generic[0m
[0;32mI (310) spi_flash: flash io: dio[0m
[0;32mI (314) app_start: Starting scheduler on CPU0[0m
[0;32mI (319) app_start: Starting scheduler on CPU1[0m
[0;32mI (319) main_task: Started on CPU0[0m
[0;32mI (329) main_task: Calling app_main()[0m
[0;33mW (329) DISPLAY: Before EDP Reset[0m
[0;33mW (729) DISPLAY: After EDP Init [0m
[0;32mI (729) DISPLAY: EPD_DC_PIN level Command : 0[0m
[0;32mI (729) DISPLAY: EPD_CS_PIN level Command : 1[0m
[0;33mW (1029) DISPLAY: After Soft Reset[0m
[0;32mI (1029) DISPLAY: EPD_DC_PIN level Command : 0[0m
[0;32mI (1029) DISPLAY: EPD_CS_PIN level Command : 1[0m
[0;32mI (1029) DISPLAY: EPD_DC_PIN level Data : 0[0m
[0;32mI (1029) DISPLAY: EPD_CS_PIN level Data: 1[0m
[0;32mI (1039) DISPLAY: EPD_DC_PIN level Data : 0[0m
[0;32mI (1039) DISPLAY: EPD_CS_PIN level Data: 1[0m
[0;32mI (1049) DISPLAY: EPD_DC_PIN level Data : 0[0m
[0;32mI (1049) DISPLAY: EPD_CS_PIN level Data: 1[0m
[0;33mW (1059) DISPLAY: After Drivrer Control Output[0m
[0;32mI (1059) DISPLAY: EPD_DC_PIN level Command : 0[0m
[0;32mI (1069) DISPLAY: EPD_CS_PIN level Command : 1[0m
[0;32mI (1069) DISPLAY: EPD_DC_PIN level Data : 0[0m
[0;32mI (1079) DISPLAY: EPD_CS_PIN level Data: 1[0m
[0;33mW (1079) DISPLAY: After Data Entry Mode[0m
[0;32mI (1089) DISPLAY: EPD_DC_PIN level Command : 0[0m
[0;32mI (1089) DISPLAY: EPD_CS_PIN level Command : 1[0m
[0;32mI (1099) DISPLAY: EPD_DC_PIN level Data : 0[0m
[0;32mI (1099) DISPLAY: EPD_CS_PIN level Data: 1[0m
[0;32mI (1109) DISPLAY: EPD_DC_PIN level Data : 0[0m
[0;32mI (1109) DISPLAY: EPD_CS_PIN level Data: 1[0m
[0;33mW (1119) DISPLAY: After RAM X Start[0m
[0;32mI (1119) DISPLAY: EPD_DC_PIN level Command : 0[0m
[0;32mI (1129) DISPLAY: EPD_CS_PIN level Command : 1[0m
[0;32mI (1129) DISPLAY: EPD_DC_PIN level Data : 0[0m
[0;32mI (1139) DISPLAY: EPD_CS_PIN level Data: 1[0m
[0;32mI (1139) DISPLAY: EPD_DC_PIN level Data : 0[0m
[0;32mI (1149) DISPLAY: EPD_CS_PIN level Data: 1[0m
[0;32mI (1149) DISPLAY: EPD_DC_PIN level Data : 0[0m
[0;32mI (1149) DISPLAY: EPD_CS_PIN level Data: 1[0m
[0;32mI (1159) DISPLAY: EPD_DC_PIN level Data : 0[0m
[0;32mI (1159) DISPLAY: EPD_CS_PIN level Data: 1[0m
[0;33mW (1169) DISPLAY: After RAM Y Start[0m
[0;32mI (1169) DISPLAY: EPD_DC_PIN level Command : 0[0m
[0;32mI (1179) DISPLAY: EPD_CS_PIN level Command : 1[0m
[0;32mI (1179) DISPLAY: EPD_DC_PIN level Data : 0[0m
[0;32mI (1189) DISPLAY: EPD_CS_PIN level Data: 1[0m
[0;33mW (1189) DISPLAY: Border Waveform[0m
[0;32mI (1199) DISPLAY: EPD_DC_PIN level Command : 0[0m
[0;32mI (1199) DISPLAY: EPD_CS_PIN level Command : 1[0m
[0;32mI (1209) DISPLAY: EPD_DC_PIN level Data : 0[0m
[0;32mI (1209) DISPLAY: EPD_CS_PIN level Data: 1[0m
[0;33mW (1219) DISPLAY: Temp. Sensor[0m
[0;32mI (1219) DISPLAY: EPD_DC_PIN level Command : 0[0m
[0;32mI (1229) DISPLAY: EPD_CS_PIN level Command : 1[0m
[0;32mI (1229) DISPLAY: EPD_DC_PIN level Data : 0[0m
[0;32mI (1239) DISPLAY: EPD_CS_PIN level Data: 1[0m
[0;33mW (1239) DISPLAY: After Ram X Counter[0m
[0;32mI (1249) DISPLAY: EPD_DC_PIN level Command : 0[0m
[0;32mI (1249) DISPLAY: EPD_CS_PIN level Command : 1[0m
[0;32mI (1259) DISPLAY: EPD_DC_PIN level Data : 0[0m
[0;32mI (1259) DISPLAY: EPD_CS_PIN level Data: 1[0m
[0;32mI (1269) DISPLAY: EPD_DC_PIN level Data : 0[0m
[0;32mI (1269) DISPLAY: EPD_CS_PIN level Data: 1[0m
[0;33mW (1269) DISPLAY: After RAM Y Counter[0m
[0;33mW (1479) DISPLAY: After WaitUntilIdle[0m
[0;32mI (1479) DISPLAY: Display initialized[0m
[0;32mI (1479) DISPLAY: SPI device handle: 0x3ffb4e10[0m
[0;33mW (1479) display_clear: Before Display Clear[0m
Guru Meditation Error: Core  0 panic'ed (LoadProhibited). Exception was unhandled.

Core  0 register dump:
PC      : 0x400832d7  PS      : 0x00060330  A0      : 0x800d78bb  A1      : 0x3ffb4d10  
A2      : 0x3ffb4e10  A3      : 0x3ffb4d90  A4      : 0x00000000  A5      : 0x3ffb4c30  
A6      : 0x3ffb4a30  A7      : 0x00000002  A8      : 0x800dedc6  A9      : 0x3ffaeb44  
A10     : 0x00000000  A11     : 0x3ffb4c74  A12     : 0x3ffb4c54  A13     : 0x00000010  
A14     : 0x00ff0000  A15     : 0xff000000  SAR     : 0x0000001b  EXCCAUSE: 0x0000001c  
EXCVADDR: 0x00000088  LBEG    : 0x400014fd  LEND    : 0x4000150d  LCOUNT  : 0xfffffffc  


Backtrace: 0x400832d4:0x3ffb4d10 0x400d78b8:0x3ffb4d30 0x400d79bf:0x3ffb4d60 0x400d590c:0x3ffb4d90 0x400d5cc4:0x3ffb4df0 0x400d5894:0x3ffb4e10 0x400e5e20:0x3ffb4e40 0x40088795:0x3ffb4e70




ELF file SHA256: 8f6ce621d85c8a49

CPU halted.
