0x1 (POWERON_RESET),boot:0x13 (SPI_FAST_FLASH_BOOT)
configsip: 0, SPIWP:0xee
clk_drv:0x00,q_drv:0x00,d_drv:0x00,cs0_drv:0x00,hd_drv:0x00,wï¿½ets Jul 29 2019 12:21:46

rst:0x1 (POWERON_RESET),boot:0x13 (SPI_FAST_FLASH_BOOT)
configsip: 0, SPIWP:0xee
clk_drv:0x00,q_drv:0x00,d_drv:0x00,cs0_drv:0x00,hd_drv:0x00,wp_drv:0x00
mode:DIO, clock div:2
load:0x3fff0030,len:7112
load:0x40078000,len:15624
load:0x40080400,len:4
load:0x40080404,len:3876
entry 0x4008064c
[0;32mI (29) boot: ESP-IDF v5.1.5 2nd stage bootloader[0m
[0;32mI (29) boot: compile time Nov 13 2024 15:16:31[0m
[0;32mI (29) boot: Multicore bootloader[0m
[0;32mI (34) boot: chip revision: v3.1[0m
[0;32mI (37) boot.esp32: SPI Speed      : 40MHz[0m
[0;32mI (42) boot.esp32: SPI Mode       : DIO[0m
[0;32mI (47) boot.esp32: SPI Flash Size : 4MB[0m
[0;32mI (51) boot: Enabling RNG early entropy source...[0m
[0;32mI (57) boot: Partition Table:[0m
[0;32mI (60) boot: ## Label            Usage          Type ST Offset   Length[0m
[0;32mI (67) boot:  0 nvs              WiFi data        01 02 00009000 00006000[0m
[0;32mI (75) boot:  1 phy_init         RF data          01 01 0000f000 00001000[0m
[0;32mI (82) boot:  2 factory          factory app      00 00 00010000 00100000[0m
[0;32mI (90) boot: End of partition table[0m
[0;32mI (94) esp_image: segment 0: paddr=00010020 vaddr=3f400020 size=0b2d8h ( 45784) map[0m
[0;32mI (119) esp_image: segment 1: paddr=0001b300 vaddr=3ffb0000 size=022a0h (  8864) load[0m
[0;32mI (123) esp_image: segment 2: paddr=0001d5a8 vaddr=40080000 size=02a70h ( 10864) load[0m
[0;32mI (129) esp_image: segment 3: paddr=00020020 vaddr=400d0020 size=16ff4h ( 94196) map[0m
[0;32mI (167) esp_image: segment 4: paddr=0003701c vaddr=40082a70 size=0afa0h ( 44960) load[0m
[0;32mI (193) boot: Loaded app from partition at offset 0x10000[0m
[0;32mI (193) boot: Disabling RNG early entropy source...[0m
[0;32mI (205) cpu_start: Multicore app[0m
[0;32mI (206) cpu_start: Pro cpu up.[0m
[0;32mI (206) cpu_start: Starting app cpu, entry point is 0x400811ec[0m
[0;32mI (0) cpu_start: App cpu up.[0m
[0;32mI (223) cpu_start: Pro cpu start user code[0m
[0;32mI (223) cpu_start: cpu freq: 160000000 Hz[0m
[0;32mI (223) cpu_start: Application information:[0m
[0;32mI (228) cpu_start: Project name:     EPDTEST2[0m
[0;32mI (233) cpu_start: App version:      1[0m
[0;32mI (237) cpu_start: Compile time:     Nov 13 2024 15:16:30[0m
[0;32mI (243) cpu_start: ELF file SHA256:  542b31fc58474be4...[0m
[0;32mI (249) cpu_start: ESP-IDF:          v5.1.5[0m
[0;32mI (254) cpu_start: Min chip rev:     v0.0[0m
[0;32mI (259) cpu_start: Max chip rev:     v3.99 [0m
[0;32mI (264) cpu_start: Chip rev:         v3.1[0m
[0;32mI (269) heap_init: Initializing. RAM available for dynamic allocation:[0m
[0;32mI (276) heap_init: At 3FFAE6E0 len 00001920 (6 KiB): DRAM[0m
[0;32mI (282) heap_init: At 3FFB2B60 len 0002D4A0 (181 KiB): DRAM[0m
[0;32mI (288) heap_init: At 3FFE0440 len 00003AE0 (14 KiB): D/IRAM[0m
[0;32mI (294) heap_init: At 3FFE4350 len 0001BCB0 (111 KiB): D/IRAM[0m
[0;32mI (301) heap_init: At 4008DA10 len 000125F0 (73 KiB): IRAM[0m
[0;32mI (308) spi_flash: detected chip: generic[0m
[0;32mI (312) spi_flash: flash io: dio[0m
[0;32mI (316) app_start: Starting scheduler on CPU0[0m
[0;32mI (321) app_start: Starting scheduler on CPU1[0m
[0;32mI (321) main_task: Started on CPU0[0m
[0;32mI (331) main_task: Calling app_main()[0m
Guru Meditation Error: Core  0 panic'ed (LoadProhibited). Exception was unhandled.

Core  0 register dump:
PC      : 0x400833e9  PS      : 0x00060830  A0      : 0x80083a4a  A1      : 0x3ffb4d40  
A2      : 0x00000010  A3      : 0x3ffb4db0  A4      : 0x00000000  A5      : 0x00000008  
A6      : 0x1b642555  A7      : 0x00000000  A8      : 0x00000000  A9      : 0x00000001  
A10     : 0x00000001  A11     : 0x00000000  A12     : 0x00000000  A13     : 0x00000001  
A14     : 0x00000000  A15     : 0x00000001  SAR     : 0x0000001b  EXCCAUSE: 0x0000001c  
EXCVADDR: 0x00000038  LBEG    : 0x400014fd  LEND    : 0x4000150d  LCOUNT  : 0xfffffffd  


Backtrace: 0x400833e6:0x3ffb4d40 0x40083a47:0x3ffb4d60 0x40083bc4:0x3ffb4d90 0x400d5936:0x3ffb4db0 0x400d5c43:0x3ffb4e10 0x400d58ba:0x3ffb4e30 0x400e6820:0x3ffb4e60 0x40088b15:0x3ffb4e90




ELF file SHA256: 542b31fc58474be4

CPU halted.
