t:0x13 (SPI_FAST_FLASH_BOOT)
configsip: 0, SPIWP:0xee
clk_drv:0x00,q_drv:0x00,d_drv:0x00,cs0_drv:0x00,hd_drv:0x00,wp_drv:0x00
mode:DIO, cï¿½ets Jul 29 2019 12:21:46

rst:0x1 (POWERON_RESET),boot:0x13 (SPI_FAST_FLASH_BOOT)
configsip: 0, SPIWP:0xee
clk_drv:0x00,q_drv:0x00,d_drv:0x00,cs0_drv:0x00,hd_drv:0x00,wp_drv:0x00
mode:DIO, clock div:2
load:0x3fff0030,len:7112
load:0x40078000,len:15624
load:0x40080400,len:4
load:0x40080404,len:3876
entry 0x4008064c
[0;32mI (29) boot: ESP-IDF v5.1.5 2nd stage bootloader[0m
[0;32mI (29) boot: compile time Nov 13 2024 15:16:31[0m
[0;32mI (29) boot: Multicore bootloader[0m
[0;32mI (34) boot: chip revision: v3.1[0m
[0;32mI (37) boot.esp32: SPI Speed      : 40MHz[0m
[0;32mI (42) boot.esp32: SPI Mode       : DIO[0m
[0;32mI (47) boot.esp32: SPI Flash Size : 4MB[0m
[0;32mI (51) boot: Enabling RNG early entropy source...[0m
[0;32mI (57) boot: Partition Table:[0m
[0;32mI (60) boot: ## Label            Usage          Type ST Offset   Length[0m
[0;32mI (67) boot:  0 nvs              WiFi data        01 02 00009000 00006000[0m
[0;32mI (75) boot:  1 phy_init         RF data          01 01 0000f000 00001000[0m
[0;32mI (82) boot:  2 factory          factory app      00 00 00010000 00100000[0m
[0;32mI (90) boot: End of partition table[0m
[0;32mI (94) esp_image: segment 0: paddr=00010020 vaddr=3f400020 size=0c078h ( 49272) map[0m
[0;32mI (120) esp_image: segment 1: paddr=0001c0a0 vaddr=3ffb0000 size=022b0h (  8880) load[0m
[0;32mI (124) esp_image: segment 2: paddr=0001e358 vaddr=40080000 size=01cc0h (  7360) load[0m
[0;32mI (129) esp_image: segment 3: paddr=00020020 vaddr=400d0020 size=17518h ( 95512) map[0m
[0;32mI (169) esp_image: segment 4: paddr=00037540 vaddr=40081cc0 size=0bd50h ( 48464) load[0m
[0;32mI (196) boot: Loaded app from partition at offset 0x10000[0m
[0;32mI (196) boot: Disabling RNG early entropy source...[0m
[0;32mI (208) cpu_start: Multicore app[0m
[0;32mI (209) cpu_start: Pro cpu up.[0m
[0;32mI (209) cpu_start: Starting app cpu, entry point is 0x400811ec[0m
[0;32mI (0) cpu_start: App cpu up.[0m
[0;32mI (226) cpu_start: Pro cpu start user code[0m
[0;32mI (226) cpu_start: cpu freq: 160000000 Hz[0m
[0;32mI (226) cpu_start: Application information:[0m
[0;32mI (231) cpu_start: Project name:     EPDTEST2[0m
[0;32mI (236) cpu_start: App version:      1[0m
[0;32mI (240) cpu_start: Compile time:     Nov 13 2024 15:16:30[0m
[0;32mI (246) cpu_start: ELF file SHA256:  29ffb3c3ae30a2c0...[0m
[0;32mI (252) cpu_start: ESP-IDF:          v5.1.5[0m
[0;32mI (257) cpu_start: Min chip rev:     v0.0[0m
[0;32mI (262) cpu_start: Max chip rev:     v3.99 [0m
[0;32mI (267) cpu_start: Chip rev:         v3.1[0m
[0;32mI (272) heap_init: Initializing. RAM available for dynamic allocation:[0m
[0;32mI (279) heap_init: At 3FFAE6E0 len 00001920 (6 KiB): DRAM[0m
[0;32mI (285) heap_init: At 3FFB2B78 len 0002D488 (181 KiB): DRAM[0m
[0;32mI (291) heap_init: At 3FFE0440 len 00003AE0 (14 KiB): D/IRAM[0m
[0;32mI (297) heap_init: At 3FFE4350 len 0001BCB0 (111 KiB): D/IRAM[0m
[0;32mI (304) heap_init: At 4008DA10 len 000125F0 (73 KiB): IRAM[0m
[0;32mI (311) spi_flash: detected chip: generic[0m
[0;32mI (315) spi_flash: flash io: dio[0m
[0;32mI (319) app_start: Starting scheduler on CPU0[0m
[0;32mI (324) app_start: Starting scheduler on CPU1[0m
[0;32mI (324) main_task: Started on CPU0[0m
[0;32mI (334) main_task: Calling app_main()[0m
[0;32mI (334) gpio: GPIO[16]| InputEn: 0| OutputEn: 0| OpenDrain: 0| Pullup: 1| Pulldown: 0| Intr:0 [0m
[0;32mI (344) gpio: GPIO[17]| InputEn: 0| OutputEn: 0| OpenDrain: 0| Pullup: 1| Pulldown: 0| Intr:0 [0m
[0;32mI (354) gpio: GPIO[5]| InputEn: 0| OutputEn: 0| OpenDrain: 0| Pullup: 1| Pulldown: 0| Intr:0 [0m
[0;32mI (364) gpio: GPIO[4]| InputEn: 0| OutputEn: 0| OpenDrain: 0| Pullup: 1| Pulldown: 0| Intr:0 [0m
[0;32mI (884) EPD: E-Paper initialized successfully[0m
[0;32mI (14814) EPD: The Display is cleared[0m
[0;32mI (28744) EPD: The Display is cleared[0m
Guru Meditation Error: Core  0 panic'ed (LoadProhibited). Exception was unhandled.

Core  0 register dump:
PC      : 0x40083314  PS      : 0x00060330  A0      : 0x80083a4a  A1      : 0x3ffb4ca0  
A2      : 0x00000005  A3      : 0x3ffb4d10  A4      : 0x00001000  A5      : 0x18000000  
A6      : 0x00ff0000  A7      : 0xff000000  A8      : 0x8008b406  A9      : 0x3ffb4cd0  
A10     : 0x3ffb27d4  A11     : 0x3ffb2be0  A12     : 0x00000004  A13     : 0x00000000  
A14     : 0x3ffdfff8  A15     : 0x3ffbe150  SAR     : 0x0000001b  EXCCAUSE: 0x0000001c  
EXCVADDR: 0x00000065  LBEG    : 0x4000c46c  LEND    : 0x4000c477  LCOUNT  : 0x00000000  


Backtrace: 0x40083311:0x3ffb4ca0 0x40083a47:0x3ffb4cc0 0x40083bc4:0x3ffb4cf0 0x400d596a:0x3ffb4d10 0x400d5c79:0x3ffb4d70 0x400d5fc2:0x3ffb4d90 0x400d60ec:0x3ffb4dd0 0x400d58f3:0x3ffb4e40 0x400e6d44:0x3ffb4e70 0x40088b15:0x3ffb4ea0




ELF file SHA256: 29ffb3c3ae30a2c0

CPU halted.
