ot:0x13 (SPI_FAST_FLASH_BOOT)
configsip: 0, SPIWP:0xee
clk_drv:0x00,q_drv:0x00,d_drv:0x00,cs0_drv:0x00,hd_drv:0x00,wp_drv:0x00
mode:DIO, ï¿½ets Jul 29 2019 12:21:46

rst:0x1 (POWERON_RESET),boot:0x13 (SPI_FAST_FLASH_BOOT)
configsip: 0, SPIWP:0xee
clk_drv:0x00,q_drv:0x00,d_drv:0x00,cs0_drv:0x00,hd_drv:0x00,wp_drv:0x00
mode:DIO, clock div:2
load:0x3fff0030,len:7112
load:0x40078000,len:15624
load:0x40080400,len:4
load:0x40080404,len:3876
entry 0x4008064c
[0;32mI (29) boot: ESP-IDF v5.1.5 2nd stage bootloader[0m
[0;32mI (29) boot: compile time Nov  9 2024 17:18:17[0m
[0;32mI (29) boot: Multicore bootloader[0m
[0;32mI (34) boot: chip revision: v3.1[0m
[0;32mI (37) boot.esp32: SPI Speed      : 40MHz[0m
[0;32mI (42) boot.esp32: SPI Mode       : DIO[0m
[0;32mI (47) boot.esp32: SPI Flash Size : 4MB[0m
[0;32mI (51) boot: Enabling RNG early entropy source...[0m
[0;32mI (57) boot: Partition Table:[0m
[0;32mI (60) boot: ## Label            Usage          Type ST Offset   Length[0m
[0;32mI (67) boot:  0 nvs              WiFi data        01 02 00009000 00006000[0m
[0;32mI (75) boot:  1 phy_init         RF data          01 01 0000f000 00001000[0m
[0;32mI (82) boot:  2 factory          factory app      00 00 00010000 00100000[0m
[0;32mI (90) boot: End of partition table[0m
[0;32mI (94) esp_image: segment 0: paddr=00010020 vaddr=3f400020 size=0af40h ( 44864) map[0m
[0;32mI (119) esp_image: segment 1: paddr=0001af68 vaddr=3ffb0000 size=02290h (  8848) load[0m
[0;32mI (122) esp_image: segment 2: paddr=0001d200 vaddr=40080000 size=02e18h ( 11800) load[0m
[0;32mI (129) esp_image: segment 3: paddr=00020020 vaddr=400d0020 size=16384h ( 91012) map[0m
[0;32mI (166) esp_image: segment 4: paddr=000363ac vaddr=40082e18 size=0ac34h ( 44084) load[0m
[0;32mI (191) boot: Loaded app from partition at offset 0x10000[0m
[0;32mI (191) boot: Disabling RNG early entropy source...[0m
[0;32mI (203) cpu_start: Multicore app[0m
[0;32mI (204) cpu_start: Pro cpu up.[0m
[0;32mI (204) cpu_start: Starting app cpu, entry point is 0x400811ec[0m
[0;32mI (0) cpu_start: App cpu up.[0m
[0;32mI (221) cpu_start: Pro cpu start user code[0m
[0;32mI (221) cpu_start: cpu freq: 160000000 Hz[0m
[0;32mI (221) cpu_start: Application information:[0m
[0;32mI (226) cpu_start: Project name:     EPDTEST2[0m
[0;32mI (231) cpu_start: App version:      1[0m
[0;32mI (235) cpu_start: Compile time:     Nov 12 2024 18:12:21[0m
[0;32mI (241) cpu_start: ELF file SHA256:  aca540a40546e2d5...[0m
[0;32mI (247) cpu_start: ESP-IDF:          v5.1.5[0m
[0;32mI (252) cpu_start: Min chip rev:     v0.0[0m
[0;32mI (257) cpu_start: Max chip rev:     v3.99 [0m
[0;32mI (262) cpu_start: Chip rev:         v3.1[0m
[0;32mI (267) heap_init: Initializing. RAM available for dynamic allocation:[0m
[0;32mI (274) heap_init: At 3FFAE6E0 len 00001920 (6 KiB): DRAM[0m
[0;32mI (280) heap_init: At 3FFB2B50 len 0002D4B0 (181 KiB): DRAM[0m
[0;32mI (286) heap_init: At 3FFE0440 len 00003AE0 (14 KiB): D/IRAM[0m
[0;32mI (292) heap_init: At 3FFE4350 len 0001BCB0 (111 KiB): D/IRAM[0m
[0;32mI (299) heap_init: At 4008DA4C len 000125B4 (73 KiB): IRAM[0m
[0;32mI (307) spi_flash: detected chip: generic[0m
[0;32mI (310) spi_flash: flash io: dio[0m
[0;32mI (314) app_start: Starting scheduler on CPU0[0m
[0;32mI (319) app_start: Starting scheduler on CPU1[0m
[0;32mI (319) main_task: Started on CPU0[0m
[0;32mI (329) main_task: Calling app_main()[0m
[0;33mW (329) DISPLAY: Before EDP Reset[0m
[0;33mW (729) DISPLAY: After EDP Init [0m
[0;32mI (729) DISPLAY: EPD_DC_PIN level: 0[0m
[0;32mI (729) DISPLAY: EPD_CS_PIN level: 1[0m
Guru Meditation Error: Core  0 panic'ed (LoadProhibited). Exception was unhandled.

Core  0 register dump:
PC      : 0x4008334b  PS      : 0x00060530  A0      : 0x80083a7e  A1      : 0x3ffb4cd0  
A2      : 0x3ffb4e20  A3      : 0x3ffb4d40  A4      : 0x00000000  A5      : 0x0000000c  
A6      : 0x3ffb49e0  A7      : 0x00000002  A8      : 0x800dec78  A9      : 0x3ffb4970  
A10     : 0x00000030  A11     : 0xffffffff  A12     : 0x00000030  A13     : 0x3ffb4b80  
A14     : 0x3ffb4980  A15     : 0x00000003  SAR     : 0x00000004  EXCCAUSE: 0x0000001c  
EXCVADDR: 0x00000088  LBEG    : 0x400014fd  LEND    : 0x4000150d  LCOUNT  : 0xfffffffd  


Backtrace: 0x40083348:0x3ffb4cd0 0x40083a7b:0x3ffb4cf0 0x40083bf8:0x3ffb4d20 0x400d592f:0x3ffb4d40 0x400d5aba:0x3ffb4da0 0x400d5879:0x3ffb4e20 0x400e5bb0:0x3ffb4e50 0x40088b51:0x3ffb4e80




ELF file SHA256: aca540a40546e2d5

Rebooting...
ets Jul 29 2019 12:21:46

rst:0xc (SW_CPU_RESET),boot:0x13 (SPI_FAST_FLASH_BOOT)
configsip: 0, SPIWP:0xee
clk_drv:0x00,q_drv:0x00,d_drv:0x00,cs0_drv:0x00,hd_drv:0x00,wp_drv:0x00
mode:DIO, clock div:2
load:0x3fff0030,len:7112
load:0x40078000,len:15624
load:0x40080400,len:4
load:0x40080404,len:3876
entry 0x4008064c
[0;32mI (29) boot: ESP-IDF v5.1.5 2nd stage bootloader[0m
[0;32mI (29) boot: compile time Nov  9 2024 17:18:17[0m
[0;32mI (29) boot: Multicore bootloader[0m
[0;32mI (34) boot: chip revision: v3.1[0m
[0;32mI (37) boot.esp32: SPI Speed      : 40MHz[0m
[0;32mI (42) boot.esp32: SPI Mode       : DIO[0m
[0;32mI (46) boot.esp32: SPI Flash Size : 4MB[0m
[0;32mI (51) boot: Enabling RNG early entropy source...[0m
[0;32mI (56) boot: Partition Table:[0m
[0;32mI (60) boot: ## Label            Usage          Type ST Offset   Length[0m
[0;32mI (67) boot:  0 nvs              WiFi data        01 02 00009000 00006000[0m
[0;32mI (75) boot:  1 phy_init         RF data          01 01 0000f000 00001000[0m
[0;32mI (82) boot:  2 factory          factory app      00 00 00010000 00100000[0m
[0;32mI (90) boot: End of partition table[0m
[0;32mI (94) esp_image: segment 0: paddr=00010020 vaddr=3f400020 size=0af40h ( 44864) map[0m
[0;32mI (119) esp_image: segment 1: paddr=0001af68 vaddr=3ffb0000 size=02290h (  8848) load[0m
[0;32mI (122) esp_image: segment 2: paddr=0001d200 vaddr=40080000 size=02e18h ( 11800) load[0m
[0;32mI (129) esp_image: segment 3: paddr=00020020 vaddr=400d0020 size=16384h ( 91012) map[0m
[0;32mI (166) esp_image: segment 4: paddr=000363ac vaddr=40082e18 size=0ac34h ( 44084) load[0m
[0;32mI (191) boot: Loaded app from partition at offset 0x10000[0m
[0;32mI (191) boot: Disabling RNG early entropy source...[0m
[0;32mI (203) cpu_start: Multicore app[0m
[0;32mI (204) cpu_start: Pro cpu up.[0m
[0;32mI (204) cpu_start: Starting app cpu, entry point is 0x400811ec[0m
[0;32mI (191) cpu_start: App cpu up.[0m
[0;32mI (221) cpu_start: Pro cpu start user code[0m
[0;32mI (221) cpu_start: cpu freq: 160000000 Hz[0m
[0;32mI (221) cpu_start: Application information:[0m
[0;32mI (226) cpu_start: Project name:     EPDTEST2[0m
[0;32mI (231) cpu_start: App version:      1[0m
[0;32mI (235) cpu_start: Compile time:     Nov 12 2024 18:12:21[0m
[0;32mI (242) cpu_start: ELF file SHA256:  aca540a40546e2d5...[0m
[0;32mI (248) cpu_start: ESP-IDF:          v5.1.5[0m
[0;32mI (252) cpu_start: Min chip rev:     v0.0[0m
[0;32mI (257) cpu_start: Max chip rev:     v3.99 [0m
[0;32mI (262) cpu_start: Chip rev:         v3.1[0m
[0;32mI (267) heap_init: Initializing. RAM available for dynamic allocation:[0m
[0;32mI (274) heap_init: At 3FFAE6E0 len 00001920 (6 KiB): DRAM[0m
[0;32mI (280) heap_init: At 3FFB2B50 len 0002D4B0 (181 KiB): DRAM[0m
[0;32mI (286) heap_init: At 3FFE0440 len 00003AE0 (14 KiB): D/IRAM[0m
[0;32mI (292) heap_init: At 3FFE4350 len 0001BCB0 (111 KiB): D/IRAM[0m
[0;32mI (299) heap_init: At 4008DA4C len 000125B4 (73 KiB): IRAM[0m
[0;32mI (307) spi_flash: detected chip: generic[0m
[0;32mI (310) spi_flash: flash io: dio[0m
[0;32mI (314) app_start: Starting scheduler on CPU0[0m
[0;32mI (319) app_start: Starting scheduler on CPU1[0m
[0;32mI (319) main_task: Started on CPU0[0m
[0;32mI (329) main_task: Calling app_main()[0m
[0;33mW (329) DISPLAY: Before EDP Reset[0m
[0;33mW (729) DISPLAY: After EDP Init [0m
[0;32mI (729) DISPLAY: EPD_DC_PIN level: 0[0m
[0;32mI (729) DISPLAY: EPD_CS_PIN level: 1[0m
Guru Meditation Error: Core  0 panic'ed (LoadProhibited). Exception was unhandled.

Core  0 register dump:
PC      : 0x4008334b  PS      : 0x00060530  A0      : 0x80083a7e  A1      : 0x3ffb4cd0  
A2      : 0x3ffb4e20  A3      : 0x3ffb4d40  A4      : 0x00000000  A5      : 0x0000000c  
A6      : 0x3ffb49e0  A7      : 0x00000002  A8      : 0x800dec78  A9      : 0x3ffb4970  
A10     : 0x00000030  A11     : 0xffffffff  A12     : 0x00000030  A13     : 0x3ffb4b80  
A14     : 0x3ffb4980  A15     : 0x00000003  SAR     : 0x00000004  EXCCAUSE: 0x0000001c  
EXCVADDR: 0x00000088  LBEG    : 0x400014fd  LEND    : 0x4000150d  LCOUNT  : 0xfffffffd  


Backtrace: 0x40083348:0x3ffb4cd0 0x40083a7b:0x3ffb4cf0 0x40083bf8:0x3ffb4d20 0x400d592f:0x3ffb4d40 0x400d5aba:0x3ffb4da0 0x400d5879:0x3ffb4e20 0x400e5bb0:0x3ffb4e50 0x40088b51:0x3ffb4e80




ELF file SHA256: aca540a40546e2d5

Rebooting...
ets Jul 29 2019 12:21:46

rst:0xc (SW_CPU_RESET),boot:0x13 (SPI_FAST_FLASH_BOOT)
configsip: 0, SPIWP:0xee
clk_drv:0x00,q_drv:0x00,d_drv:0x00,cs0_drv:0x00,hd_drv:0x00,wp_drv:0x00
mode:DIO, clock div:2
load:0x3fff0030,len:7112
load:0x40078000,len:15624
load:0x40080400,len:4
load:0x40080404,len:3876
entry 0x4008064c
[0;32mI (29) boot: ESP-IDF v5.1.5 2nd stage bootloader[0m
[0;32mI (29) boot: compile time Nov  9 2024 17:18:17[0m
[0;32mI (29) boot: Multicore bootloader[0m
[0;32mI (34) boot: chip revision: v3.1[0m
[0;32mI (37) boot.esp32: SPI Speed      : 40MHz[0m
[0;32mI (42) boot.esp32: SPI Mode       : DIO[0m
[0;32mI (46) boot.esp32: SPI Flash Size : 4MB[0m
[0;32mI (51) boot: Enabling RNG early entropy source...[0m
[0;32mI (56) boot: Partition Table:[0m
[0;32mI (60) boot: ## Label            Usage          Type ST Offset   Length[0m
[0;32mI (67) boot:  0 nvs              WiFi data        01 02 00009000 00006000[0m
[0;32mI (75) boot:  1 phy_init         RF data          01 01 0000f000 00001000[0m
[0;32mI (82) boot:  2 factory          factory app      00 00 00010000 00100000[0m
[0;32mI (90) boot: End of partition table[0m
[0;32mI (94) esp_image: segment 0: paddr=00010020 vaddr=3f400020 size=0af40h ( 44864) map[0m
[0;32mI (119) esp_image: segment 1: paddr=0001af68 vaddr=3ffb0000 size=02290h (  8848) load[0m
[0;32mI (122) esp_image: segment 2: paddr=0001d200 vaddr=40080000 size=02e18h ( 11800) load[0m
[0;32mI (129) esp_image: segment 3: paddr=00020020 vaddr=400d0020 size=16384h ( 91012) map[0m
[0;32mI (166) esp_image: segment 4: paddr=000363ac vaddr=40082e18 size=0ac34h ( 44084) load[0m
[0;32mI (191) boot: Loaded app from partition at offset 0x10000[0m
[0;32mI (191) boot: Disabling RNG early entropy source...[0m
[0;32mI (203) cpu_start: Multicore app[0m
[0;32mI (204) cpu_start: Pro cpu up.[0m
[0;32mI (204) cpu_start: Starting app cpu, entry point is 0x400811ec[0m
[0;32mI (191) cpu_start: App cpu up.[0m
[0;32mI (221) cpu_start: Pro cpu start user code[0m
[0;32mI (221) cpu_start: cpu freq: 160000000 Hz[0m
[0;32mI (221) cpu_start: Application information:[0m
[0;32mI (226) cpu_start: Project name:     EPDTEST2[0m
[0;32mI (231) cpu_start: App version:      1[0m
[0;32mI (235) cpu_start: Compile time:     Nov 12 2024 18:12:21[0m
[0;32mI (242) cpu_start: ELF file SHA256:  aca540a40546e2d5...[0m
[0;32mI (248) cpu_start: ESP-IDF:          v5.1.5[0m
[0;32mI (252) cpu_start: Min chip rev:     v0.0[0m
[0;32mI (257) cpu_start: Max chip rev:     v3.99 [0m
[0;32mI (262) cpu_start: Chip rev:         v3.1[0m
[0;32mI (267) heap_init: Initializing. RAM available for dynamic allocation:[0m
[0;32mI (274) heap_init: At 3FFAE6E0 len 00001920 (6 KiB): DRAM[0m
[0;32mI (280) heap_init: At 3FFB2B50 len 0002D4B0 (181 KiB): DRAM[0m
[0;32mI (286) heap_init: At 3FFE0440 len 00003AE0 (14 KiB): D/IRAM[0m
[0;32mI (292) heap_init: At 3FFE4350 len 0001BCB0 (111 KiB): D/IRAM[0m
[0;32mI (299) heap_init: At 4008DA4C len 000125B4 (73 KiB): IRAM[0m
[0;32mI (307) spi_flash: detected chip: generic[0m
[0;32mI (310) spi_flash: flash io: dio[0m
[0;32mI (314) app_start: Starting scheduler on CPU0[0m
[0;32mI (319) app_start: Starting scheduler on CPU1[0m
[0;32mI (319) main_task: Started on CPU0[0m
[0;32mI (329) main_task: Calling app_main()[0m
[0;33mW (329) DISPLAY: Before EDP Reset[0m
[0;33mW (729) DISPLAY: After EDP Init [0m
[0;32mI (729) DISPLAY: EPD_DC_PIN level: 0[0m
[0;32mI (729) DISPLAY: EPD_CS_PIN level: 1[0m
Guru Meditation Error: Core  0 panic'ed (LoadProhibited). Exception was unhandled.

Core  0 register dump:
PC      : 0x4008334b  PS      : 0x00060530  A0      : 0x80083a7e  A1      : 0x3ffb4cd0  
A2      : 0x3ffb4e20  A3      : 0x3ffb4d40  A4      : 0x00000000  A5      : 0x0000000c  
A6      : 0x3ffb49e0  A7      : 0x00000002  A8      : 0x800dec78  A9      : 0x3ffb4970  
A10     : 0x00000030  A11     : 0xffffffff  A12     : 0x00000030  A13     : 0x3ffb4b80  
A14     : 0x3ffb4980  A15     : 0x00000003  SAR     : 0x00000004  EXCCAUSE: 0x0000001c  
EXCVADDR: 0x00000088  LBEG    : 0x400014fd  LEND    : 0x4000150d  LCOUNT  : 0xfffffffd  


Backtrace: 0x40083348:0x3ffb4cd0 0x40083a7b:0x3ffb4cf0 0x40083bf8:0x3ffb4d20 0x400d592f:0x3ffb4d40 0x400d5aba:0x3ffb4da0 0x400d5879:0x3ffb4e20 0x400e5bb0:0x3ffb4e50 0x40088b51:0x3ffb4e80




ELF file SHA256: aca540a40546e2d5

Rebooting...
ets Jul 29 2019 12:21:46

rst:0xc (SW_CPU_RESET),boot:0x13 (SPI_FAST_FLASH_BOOT)
configsip: 0, SPIWP:0xee
clk_drv:0x00,q_drv:0x00,d_drv:0x00,cs0_drv:0x00,hd_drv:0x00,wp_drv:0x00
mode:DIO, clock div:2
load:0x3fff0030,len:7112
load:0x40078000,len:15624
load:0x40080400,len:4
load:0x40080404,len:3876
entry 0x4008064c
[0;32mI (29) boot: ESP-IDF v5.1.5 2nd stage bootloader[0m
[0;32mI (29) boot: compile time Nov  9 2024 17:18:17[0m
[0;32mI (29) boot: Multicore bootloader[0m
[0;32mI (33) boot: chip revision: v3.1[0m
[0;32mI (37) boot.esp32: SPI Speed      : 40MHz[0m
[0;32mI (42) boot.esp32: SPI Mode       : DIO[0m
[0;32mI (46) boot.esp32: SPI Flash Size : 4MB[0m
[0;32mI (51) boot: Enabling RNG early entropy source...[0m
[0;32mI (56) boot: Partition Table:[0m
[0;32mI (60) boot: ## Label            Usage          Type ST Offset   Length[0m
[0;32mI (67) boot:  0 nvs              WiFi data        01 02 00009000 00006000[0m
[0;32mI (75) boot:  1 phy_init         RF data          01 01 0000f000 00001000[0m
[0;32mI (82) boot:  2 factory          factory app      00 00 00010000 00100000[0m
[0;32mI (90) boot: End of partition table[0m
[0;32mI (94) esp_image: segment 0: paddr=00010020 vaddr=3f400020 size=0af40h ( 44864) map[0m
[0;32mI (119) esp_image: segment 1: paddr=0001af68 vaddr=3ffb0000 size=02290h (  8848) load[0m
[0;32mI (122) esp_image: segment 2: paddr=0001d200 vaddr=40080000 size=02e18h ( 11800) load[0m
[0;32mI (129) esp_image: segment 3: paddr=00020020 vaddr=400d0020 size=16384h ( 91012) map[0m
[0;32mI (166) esp_image: segment 4: paddr=000363ac vaddr=40082e18 size=0ac34h ( 44084) load[0m
[0;32mI (191) boot: Loaded app from partition at offset 0x10000[0m
[0;32mI (191) boot: Disabling RNG early entropy source...[0m
[0;32mI (203) cpu_start: Multicore app[0m
[0;32mI (204) cpu_start: Pro cpu up.[0m
[0;32mI (204) cpu_start: Starting app cpu, entry point is 0x400811ec[0m
[0;32mI (191) cpu_start: App cpu up.[0m
[0;32mI (221) cpu_start: Pro cpu start user code[0m
[0;32mI (221) cpu_start: cpu freq: 160000000 Hz[0m
[0;32mI (221) cpu_start: Application information:[0m
[0;32mI (226) cpu_start: Project name:     EPDTEST2[0m
[0;32mI (231) cpu_start: App version:      1[0m
[0;32mI (235) cpu_start: Compile time:     Nov 12 2024 18:12:21[0m
[0;32mI (242) cpu_start: ELF file SHA256:  aca540a40546e2d5...[0m
[0;32mI (248) cpu_start: ESP-IDF:          v5.1.5[0m
[0;32mI (252) cpu_start: Min chip rev:     v0.0[0m
[0;32mI (257) cpu_start: Max chip rev:     v3.99 [0m
[0;32mI (262) cpu_start: Chip rev:         v3.1[0m
[0;32mI (267) heap_init: Initializing. RAM available for dynamic allocation:[0m
[0;32mI (274) heap_init: At 3FFAE6E0 len 00001920 (6 KiB): DRAM[0m
[0;32mI (280) heap_init: At 3FFB2B50 len 0002D4B0 (181 KiB): DRAM[0m
[0;32mI (286) heap_init: At 3FFE0440 len 00003AE0 (14 KiB): D/IRAM[0m
[0;32mI (292) heap_init: At 3FFE4350 len 0001BCB0 (111 KiB): D/IRAM[0m
[0;32mI (299) heap_init: At 4008DA4C len 000125B4 (73 KiB): IRAM[0m
[0;32mI (307) spi_flash: detected chip: generic[0m
[0;32mI (310) spi_flash: flash io: dio[0m
[0;32mI (314) app_start: Starting scheduler on CPU0[0m
[0;32mI (319) app_start: Starting scheduler on CPU1[0m
[0;32mI (319) main_task: Started on CPU0[0m
[0;32mI (329) main_task: Calling app_main()[0m
[0;33mW (329) DISPLAY: Before EDP Reset[0m
[0;33mW (729) DISPLAY: After EDP Init [0m
[0;32mI (729) DISPLAY: EPD_DC_PIN level: 0[0m
[0;32mI (729) DISPLAY: EPD_CS_PIN level: 1[0m
Guru Meditation Error: Core  0 panic'ed (LoadProhibited). Exception was unhandled.

Core  0 register dump:
PC      : 0x4008334b  PS      : 0x00060530  A0      : 0x80083a7e  A1      : 0x3ffb4cd0  
A2      : 0x3ffb4e20  A3      : 0x3ffb4d40  A4      : 0x00000000  A5      : 0x0000000c  
A6      : 0x3ffb49e0  A7      : 0x00000002  A8      : 0x800dec78  A9      : 0x3ffb4970  
A10     : 0x00000030  A11     : 0xffffffff  A12     : 0x00000030  A13     : 0x3ffb4b80  
A14     : 0x3ffb4980  A15     : 0x00000003  SAR     : 0x00000004  EXCCAUSE: 0x0000001c  
EXCVADDR: 0x00000088  LBEG    : 0x400014fd  LEND    : 0x4000150d  LCOUNT  : 0xfffffffd  


Backtrace: 0x40083348:0x3ffb4cd0 0x40083a7b:0x3ffb4cf0 0x40083bf8:0x3ffb4d20 0x400d592f:0x3ffb4d40 0x400d5aba:0x3ffb4da0 0x400d5879:0x3ffb4e20 0x400e5bb0:0x3ffb4e50 0x40088b51:0x3ffb4e80




ELF file SHA256: aca540a40546e2d5

Rebooting...
ets Jul 29 2019 12:21:46

rst:0xc (SW_CPU_RESET),boot:0x13 (SPI_FAST_FLASH_BOOT)
configsip: 0, SPIWP:0xee
clk_drv:0x00,q_drv:0x00,d_drv:0x00,cs0_drv:0x00,hd_drv:0x00,wp_drv:0x00
mode:DIO, clock div:2
load:0x3fff0030,len:7112
load:0x40078000,len:15624
load:0x40080400,len:4
load:0x40080404,len:3876
entry 0x4008064c
[0;32mI (29) boot: ESP-IDF v5.1.5 2nd stage bootloader[0m
[0;32mI (29) boot: compile time Nov  9 2024 17:18:17[0m
[0;32mI (29) boot: Multicore bootloader[0m
[0;32mI (34) boot: chip revision: v3.1[0m
[0;32mI (37) boot.esp32: SPI Speed      : 40MHz[0m
[0;32mI (42) boot.esp32: SPI Mode       : DIO[0m
[0;32mI (46) boot.esp32: SPI Flash Size : 4MB[0m
[0;32mI (51) boot: Enabling RNG early entropy source...[0m
[0;32mI (56) boot: Partition Table:[0m
[0;32mI (60) boot: ## Label            Usage          Type ST Offset   Length[0m
[0;32mI (67) boot:  0 nvs              WiFi data        01 02 00009000 00006000[0m
[0;32mI (75) boot:  1 phy_init         RF data          01 01 0000f000 00001000[0m
[0;32mI (82) boot:  2 factory          factory app      00 00 00010000 00100000[0m
[0;32mI (90) boot: End of partition table[0m
[0;32mI (94) esp_image: segment 0: paddr=00010020 vaddr=3f400020 size=0af40h ( 44864) map[0m
[0;32mI (119) esp_image: segment 1: paddr=0001af68 vaddr=3ffb0000 size=02290h (  8848) load[0m
[0;32mI (122) esp_image: segment 2: paddr=0001d200 vaddr=40080000 size=02e18h ( 11800) load[0m
[0;32mI (129) esp_image: segment 3: paddr=00020020 vaddr=400d0020 size=16384h ( 91012) map[0m
[0;32mI (166) esp_image: segment 4: paddr=000363ac vaddr=40082e18 size=0ac34h ( 44084) load[0m
[0;32mI (191) boot: Loaded app from partition at offset 0x10000[0m
[0;32mI (191) boot: Disabling RNG early entropy source...[0m
[0;32mI (203) cpu_start: Multicore app[0m
[0;32mI (204) cpu_start: Pro cpu up.[0m
[0;32mI (204) cpu_start: Starting app cpu, entry point is 0x400811ec[0m
[0;32mI (191) cpu_start: App cpu up.[0m
[0;32mI (221) cpu_start: Pro cpu start user code[0m
[0;32mI (221) cpu_start: cpu freq: 160000000 Hz[0m
[0;32mI (221) cpu_start: Application information:[0m
[0;32mI (226) cpu_start: Project name:     EPDTEST2[0m
[0;32mI (231) cpu_start: App version:      1[0m
[0;32mI (235) cpu_start: Compile time:     Nov 12 2024 18:12:21[0m
[0;32mI (242) cpu_start: ELF file SHA256:  aca540a40546e2d5...[0m
[0;32mI (248) cpu_start: ESP-IDF:          v5.1.5[0m
[0;32mI (252) cpu_start: Min chip rev:     v0.0[0m
[0;32mI (257) cpu_start: Max chip rev:     v3.99 [0m
[0;32mI (262) cpu_start: Chip rev:         v3.1[0m
[0;32mI (267) heap_init: Initializing. RAM available for dynamic allocation:[0m
[0;32mI (274) heap_init: At 3FFAE6E0 len 00001920 (6 KiB): DRAM[0m
[0;32mI (280) heap_init: At 3FFB2B50 len 0002D4B0 (181 KiB): DRAM[0m
[0;32mI (286) heap_init: At 3FFE0440 len 00003AE0 (14 KiB): D/IRAM[0m
[0;32mI (292) heap_init: At 3FFE4350 len 0001BCB0 (111 KiB): D/IRAM[0m
[0;32mI (299) heap_init: At 4008DA4C len 000125B4 (73 KiB): IRAM[0m
[0;32mI (307) spi_flash: detected chip: generic[0m
[0;32mI (310) spi_flash: flash io: dio[0m
[0;32mI (314) app_start: Starting scheduler on CPU0[0m
[0;32mI (319) app_start: Starting scheduler on CPU1[0m
[0;32mI (319) main_task: Started on CPU0[0m
[0;32mI (329) main_task: Calling app_main()[0m
[0;33mW (329) DISPLAY: Before EDP Reset[0m
[0;33mW (729) DISPLAY: After EDP Init [0m
[0;32mI (729) DISPLAY: EPD_DC_PIN level: 0[0m
[0;32mI (729) DISPLAY: EPD_CS_PIN level: 1[0m
Guru Meditation Error: Core  0 panic'ed (LoadProhibited). Exception was unhandled.

Core  0 register dump:
PC      : 0x4008334b  PS      : 0x00060530  A0      : 0x80083a7e  A1      : 0x3ffb4cd0  
A2      : 0x3ffb4e20  A3      : 0x3ffb4d40  A4      : 0x00000000  A5      : 0x0000000c  
A6      : 0x3ffb49e0  A7      : 0x00000002  A8      : 0x800dec78  A9      : 0x3ffb4970  
A10     : 0x00000030  A11     : 0xffffffff  A12     : 0x00000030  A13     : 0x3ffb4b80  
A14     : 0x3ffb4980  A15     : 0x00000003  SAR     : 0x00000004  EXCCAUSE: 0x0000001c  
EXCVADDR: 0x00000088  LBEG    : 0x400014fd  LEND    : 0x4000150d  LCOUNT  : 0xfffffffd  


Backtrace: 0x40083348:0x3ffb4cd0 0x40083a7b:0x3ffb4cf0 0x40083bf8:0x3ffb4d20 0x400d592f:0x3ffb4d40 0x400d5aba:0x3ffb4da0 0x400d5879:0x3ffb4e20 0x400e5bb0:0x3ffb4e50 0x40088b51:0x3ffb4e80




ELF file SHA256: aca540a40546e2d5

Rebooting...
ets Jul 29 2019 12:21:46

rst:0xc (SW_CPU_RESET),boot:0x13 (SPI_FAST_FLASH_BOOT)
configsip: 0, SPIWP:0xee
clk_drv:0x00,q_drv:0x00,d_drv:0x00,cs0_drv:0x00,hd_drv:0x00,wp_drv:0x00
mode:DIO, clock div:2
load:0x3fff0030,len:7112
load:0x40078000,len:15624
load:0x40080400,len:4
load:0x40080404,len:3876
entry 0x4008064c
[0;32mI (29) boot: ESP-IDF v5.1.5 2nd stage bootloader[0m
[0;32mI (29) boot: compile time Nov  9 2024 17:18:17[0m
[0;32mI (29) boot: Multicore bootloader[0m
[0;32mI (34) boot: chip revision: v3.1[0m
[0;32mI (37) boot.esp32: SPI Speed      : 40MHz[0m
[0;32mI (42) boot.esp32: SPI Mode       : DIO[0m
[0;32mI (46) boot.esp32: SPI Flash Size : 4MB[0m
[0;32mI (51) boot: Enabling RNG early entropy source...[0m
[0;32mI (56) boot: Partition Table:[0m
[0;32mI (60) boot: ## Label            Usage          Type ST Offset   Length[0m
[0;32mI (67) boot:  0 nvs              WiFi data        01 02 00009000 00006000[0m
[0;32mI (75) boot:  1 phy_init         RF data          01 01 0000f000 00001000[0m
[0;32mI (82) boot:  2 factory          factory app      00 00 00010000 00100000[0m
[0;32mI (90) boot: End of partition table[0m
[0;32mI (94) esp_image: segment 0: paddr=00010020 vaddr=3f400020 size=0af40h ( 44864) map[0m
[0;32mI (119) esp_image: segment 1: paddr=0001af68 vaddr=3ffb0000 size=02290h (  8848) load[0m
[0;32mI (122) esp_image: segment 2: paddr=0001d200 vaddr=40080000 size=02e18h ( 11800) load[0m
[0;32mI (129) esp_image: segment 3: paddr=00020020 vaddr=400d0020 size=16384h ( 91012) map[0m
[0;32mI (166) esp_image: segment 4: paddr=000363ac vaddr=40082e18 size=0ac34h ( 44084) load[0m
[0;32mI (191) boot: Loaded app from partition at offset 0x10000[0m
[0;32mI (191) boot: Disabling RNG early entropy source...[0m
[0;32mI (203) cpu_start: Multicore app[0m
[0;32mI (204) cpu_start: Pro cpu up.[0m
[0;32mI (204) cpu_start: Starting app cpu, entry point is 0x400811ec[0m
[0;32mI (191) cpu_start: App cpu up.[0m
[0;32mI (221) cpu_start: Pro cpu start user code[0m
[0;32mI (221) cpu_start: cpu freq: 160000000 Hz[0m
[0;32mI (221) cpu_start: Application information:[0m
[0;32mI (226) cpu_start: Project name:     EPDTEST2[0m
[0;32mI (231) cpu_start: App version:      1[0m
[0;32mI (235) cpu_start: Compile time:     Nov 12 2024 18:12:21[0m
[0;32mI (242) cpu_start: ELF file SHA256:  aca540a40546e2d5...[0m
[0;32mI (248) cpu_start: ESP-IDF:          v5.1.5[0m
[0;32mI (252) cpu_start: Min chip rev:     v0.0[0m
[0;32mI (257) cpu_start: Max chip rev:     v3.99 [0m
[0;32mI (262) cpu_start: Chip rev:         v3.1[0m
[0;32mI (267) heap_init: Initializing. RAM available for dynamic allocation:[0m
[0;32mI (274) heap_init: At 3FFAE6E0 len 00001920 (6 KiB): DRAM[0m
[0;32mI (280) heap_init: At 3FFB2B50 len 0002D4B0 (181 KiB): DRAM[0m
[0;32mI (286) heap_init: At 3FFE0440 len 00003AE0 (14 KiB): D/IRAM[0m
[0;32mI (292) heap_init: At 3FFE4350 len 0001BCB0 (111 KiB): D/IRAM[0m
[0;32mI (299) heap_init: At 4008DA4C len 000125B4 (73 KiB): IRAM[0m
[0;32mI (307) spi_flash: detected chip: generic[0m
[0;32mI (310) spi_flash: flash io: dio[0m
[0;32mI (314) app_start: Starting scheduler on CPU0[0m
[0;32mI (319) app_start: Starting scheduler on CPU1[0m
[0;32mI (319) main_task: Started on CPU0[0m
[0;32mI (329) main_task: Calling app_main()[0m
[0;33mW (329) DISPLAY: Before EDP Reset[0m
[0;33mW (729) DISPLAY: After EDP Init [0m
[0;32mI (729) DISPLAY: EPD_DC_PIN level: 0[0m
[0;32mI (729) DISPLAY: EPD_CS_PIN level: 1[0m
Guru Meditation Error: Core  0 panic'ed (LoadProhibited). Exception was unhandled.

Core  0 register dump:
PC      : 0x4008334b  PS      : 0x00060530  A0      : 0x80083a7e  A1      : 0x3ffb4cd0  
A2      : 0x3ffb4e20  A3      : 0x3ffb4d40  A4      : 0x00000000  A5      : 0x0000000c  
A6      : 0x3ffb49e0  A7      : 0x00000002  A8      : 0x800dec78  A9      : 0x3ffb4970  
A10     : 0x00000030  A11     : 0xffffffff  A12     : 0x00000030  A13     : 0x3ffb4b80  
A14     : 0x3ffb4980  A15     : 0x00000003  SAR     : 0x00000004  EXCCAUSE: 0x0000001c  
EXCVADDR: 0x00000088  LBEG    : 0x400014fd  LEND    : 0x4000150d  LCOUNT  : 0xfffffffd  


Backtrace: 0x40083348:0x3ffb4cd0 0x40083a7b:0x3ffb4cf0 0x40083bf8:0x3ffb4d20 0x400d592f:0x3ffb4d40 0x400d5aba:0x3ffb4da0 0x400d5879:0x3ffb4e20 0x400e5bb0:0x3ffb4e50 0x40088b51:0x3ffb4e80




ELF file SHA256: aca540a40546e2d5

Rebooting...
ets Jul 29 2019 12:21:46

rst:0xc (SW_CPU_RESET),boot:0x13 (SPI_FAST_FLASH_BOOT)
configsip: 0, SPIWP:0xee
clk_drv:0x00,q_drv:0x00,d_drv:0x00,cs0_drv:0x00,hd_drv:0x00,wp_drv:0x00
mode:DIO, clock div:2
load:0x3fff0030,len:7112
load:0x40078000,len:15624
load:0x40080400,len:4
load:0x40080404,len:3876
entry 0x4008064c
[0;32mI (29) boot: ESP-IDF v5.1.5 2nd stage bootloader[0m
[0;32mI (29) boot: compile time Nov  9 2024 17:18:17[0m
[0;32mI (29) boot: Multicore bootloader[0m
[0;32mI (34) boot: chip revision: v3.1[0m
[0;32mI (37) boot.esp32: SPI Speed      : 40MHz[0m
[0;32mI (42) boot.esp32: SPI Mode       : DIO[0m
[0;32mI (46) boot.esp32: SPI Flash Size : 4MB[0m
[0;32mI (51) boot: Enabling RNG early entropy source...[0m
[0;32mI (56) boot: Partition Table:[0m
[0;32mI (60) boot: ## Label            Usage          Type ST Offset   Length[0m
[0;32mI (67) boot:  0 nvs              WiFi data        01 02 00009000 00006000[0m
[0;32mI (75) boot:  1 phy_init         RF data          01 01 0000f000 00001000[0m
[0;32mI (82) boot:  2 factory          factory app      00 00 00010000 00100000[0m
[0;32mI (90) boot: End of partition table[0m
[0;32mI (94) esp_image: segment 0: paddr=00010020 vaddr=3f400020 size=0af40h ( 44864) map[0m
[0;32mI (119) esp_image: segment 1: paddr=0001af68 vaddr=3ffb0000 size=02290h (  8848) load[0m
[0;32mI (122) esp_image: segment 2: paddr=0001d200 vaddr=40080000 size=02e18h ( 11800) load[0m
[0;32mI (129) esp_image: segment 3: paddr=00020020 vaddr=400d0020 size=16384h ( 91012) map[0m
[0;32mI (166) esp_image: segment 4: paddr=000363ac vaddr=40082e18 size=0ac34h ( 44084) load[0m
[0;32mI (191) boot: Loaded app from partition at offset 0x10000[0m
[0;32mI (191) boot: Disabling RNG early entropy source...[0m
[0;32mI (203) cpu_start: Multicore app[0m
[0;32mI (204) cpu_start: Pro cpu up.[0m
[0;32mI (204) cpu_start: Starting app cpu, entry point is 0x400811ec[0m
[0;32mI (191) cpu_start: App cpu up.[0m
[0;32mI (221) cpu_start: Pro cpu start user code[0m
[0;32mI (221) cpu_start: cpu freq: 160000000 Hz[0m
[0;32mI (221) cpu_start: Application information:[0m
[0;32mI (226) cpu_start: Project name:     EPDTEST2[0m
[0;32mI (231) cpu_start: App version:      1[0m
[0;32mI (235) cpu_start: Compile time:     Nov 12 2024 18:12:21[0m
[0;32mI (242) cpu_start: ELF file SHA256:  aca540a40546e2d5...[0m
[0;32mI (248) cpu_start: ESP-IDF:          v5.1.5[0m
[0;32mI (252) cpu_start: Min chip rev:     v0.0[0m
[0;32mI (257) cpu_start: Max chip rev:     v3.99 [0m
[0;32mI (262) cpu_start: Chip rev:         v3.1[0m
[0;32mI (267) heap_init: Initializing. RAM available for dynamic allocation:[0m
[0;32mI (274) heap_init: At 3FFAE6E0 len 00001920 (6 KiB): DRAM[0m
[0;32mI (280) heap_init: At 3FFB2B50 len 0002D4B0 (181 KiB): DRAM[0m
[0;32mI (286) heap_init: At 3FFE0440 len 00003AE0 (14 KiB): D/IRAM[0m
[0;32mI (292) heap_init: At 3FFE4350 len 0001BCB0 (111 KiB): D/IRAM[0m
[0;32mI (299) heap_init: At 4008DA4C len 000125B4 (73 KiB): IRAM[0m
[0;32mI (307) spi_flash: detected chip: generic[0m
[0;32mI (310) spi_flash: flash io: dio[0m
[0;32mI (314) app_start: Starting scheduler on CPU0[0m
[0;32mI (319) app_start: Starting scheduler on CPU1[0m
[0;32mI (319) main_task: Started on CPU0[0m
[0;32mI (329) main_task: Calling app_main()[0m
[0;33mW (329) DISPLAY: Before EDP Reset[0m
[0;33mW (729) DISPLAY: After EDP Init [0m
[0;32mI (729) DISPLAY: EPD_DC_PIN level: 0[0m
[0;32mI (729) DISPLAY: EPD_CS_PIN level: 1[0m
Guru Meditation Error: Core  0 panic'ed (LoadProhibited). Exception was unhandled.

Core  0 register dump:
PC      : 0x4008334b  PS      : 0x00060530  A0      : 0x80083a7e  A1      : 0x3ffb4cd0  
A2      : 0x3ffb4e20  A3      : 0x3ffb4d40  A4      : 0x00000000  A5      : 0x0000000c  
A6      : 0x3ffb49e0  A7      : 0x00000002  A8      : 0x800dec78  A9      : 0x3ffb4970  
A10     : 0x00000030  A11     : 0xffffffff  A12     : 0x00000030  A13     : 0x3ffb4b80  
A14     : 0x3ffb4980  A15     : 0x00000003  SAR     : 0x00000004  EXCCAUSE: 0x0000001c  
EXCVADDR: 0x00000088  LBEG    : 0x400014fd  LEND    : 0x4000150d  LCOUNT  : 0xfffffffd  


Backtrace: 0x40083348:0x3ffb4cd0 0x40083a7b:0x3ffb4cf0 0x40083bf8:0x3ffb4d20 0x400d592f:0x3ffb4d40 0x400d5aba:0x3ffb4da0 0x400d5879:0x3ffb4e20 0x400e5bb0:0x3ffb4e50 0x40088b51:0x3ffb4e80




ELF file SHA256: aca540a40546e2d5

Rebooting...
ets Jul 29 2019 12:21:46

rst:0xc (SW_CPU_RESET),boot:0x13 (SPI_FAST_FLASH_BOOT)
configsip: 0, SPIWP:0xee
clk_drv:0x00,q_drv:0x00,d_drv:0x00,cs0_drv:0x00,hd_drv:0x00,wp_drv:0x00
mode:DIO, clock div:2
load:0x3fff0030,len:7112
load:0x40078000,len:15624
load:0x40080400,len:4
load:0x40080404,len:3876
entry 0x4008064c
[0;32mI (29) boot: ESP-IDF v5.1.5 2nd stage bootloader[0m
[0;32mI (29) boot: compile time Nov  9 2024 17:18:17[0m
[0;32mI (29) boot: Multicore bootloader[0m
[0;32mI (34) boot: chip revision: v3.1[0m
[0;32mI (37) boot.esp32: SPI Speed      : 40MHz[0m
[0;32mI (42) boot.esp32: SPI Mode       : DIO[0m
[0;32mI (46) boot.esp32: SPI Flash Size : 4MB[0m
[0;32mI (51) boot: Enabling RNG early entropy source...[0m
[0;32mI (56) boot: Partition Table:[0m
[0;32mI (60) boot: ## Label            Usage          Type ST Offset   Length[0m
[0;32mI (67) boot:  0 nvs              WiFi data        01 02 00009000 00006000[0m
[0;32mI (75) boot:  1 phy_init         RF data          01 01 0000f000 00001000[0m
[0;32mI (82) boot:  2 factory          factory app      00 00 00010000 00100000[0m
[0;32mI (90) boot: End of partition table[0m
[0;32mI (94) esp_image: segment 0: paddr=00010020 vaddr=3f400020 size=0af40h ( 44864) map[0m
[0;32mI (119) esp_image: segment 1: paddr=0001af68 vaddr=3ffb0000 size=02290h (  8848) load[0m
[0;32mI (122) esp_image: segment 2: paddr=0001d200 vaddr=40080000 size=02e18h ( 11800) load[0m
[0;32mI (129) esp_image: segment 3: paddr=00020020 vaddr=400d0020 size=16384h ( 91012) map[0m
[0;32mI (166) esp_image: segment 4: paddr=000363ac vaddr=40082e18 size=0ac34h ( 44084) load[0m
[0;32mI (191) boot: Loaded app from partition at offset 0x10000[0m
[0;32mI (191) boot: Disabling RNG early entropy source...[0m
[0;32mI (203) cpu_start: Multicore app[0m
[0;32mI (204) cpu_start: Pro cpu up.[0m
[0;32mI (204) cpu_start: Starting app cpu, entry point is 0x400811ec[0m
[0;32mI (191) cpu_start: App cpu up.[0m
[0;32mI (221) cpu_start: Pro cpu start user code[0m
[0;32mI (221) cpu_start: cpu freq: 160000000 Hz[0m
[0;32mI (221) cpu_start: Application information:[0m
[0;32mI (226) cpu_start: Project name:     EPDTEST2[0m
[0;32mI (231) cpu_start: App version:      1[0m
[0;32mI (235) cpu_start: Compile time:     Nov 12 2024 18:12:21[0m
[0;32mI (242) cpu_start: ELF file SHA256:  aca540a40546e2d5...[0m
[0;32mI (248) cpu_start: ESP-IDF:          v5.1.5[0m
[0;32mI (252) cpu_start: Min chip rev:     v0.0[0m
[0;32mI (257) cpu_start: Max chip rev:     v3.99 [0m
[0;32mI (262) cpu_start: Chip rev:         v3.1[0m
[0;32mI (267) heap_init: Initializing. RAM available for dynamic allocation:[0m
[0;32mI (274) heap_init: At 3FFAE6E0 len 00001920 (6 KiB): DRAM[0m
[0;32mI (280) heap_init: At 3FFB2B50 len 0002D4B0 (181 KiB): DRAM[0m
[0;32mI (286) heap_init: At 3FFE0440 len 00003AE0 (14 KiB): D/IRAM[0m
[0;32mI (292) heap_init: At 3FFE4350 len 0001BCB0 (111 KiB): D/IRAM[0m
[0;32mI (299) heap_init: At 4008DA4C len 000125B4 (73 KiB): IRAM[0m
[0;32mI (307) spi_flash: detected chip: generic[0m
[0;32mI (310) spi_flash: flash io: dio[0m
[0;32mI (314) app_start: Starting scheduler on CPU0[0m
[0;32mI (319) app_start: Starting scheduler on CPU1[0m
[0;32mI (319) main_task: Started on CPU0[0m
[0;32mI (329) main_task: Calling app_main()[0m
[0;33mW (329) DISPLAY: Before EDP Reset[0m
[0;33mW (729) DISPLAY: After EDP Init [0m
[0;32mI (729) DISPLAY: EPD_DC_PIN level: 0[0m
[0;32mI (729) DISPLAY: EPD_CS_PIN level: 1[0m
Guru Meditation Error: Core  0 panic'ed (LoadProhibited). Exception was unhandled.

Core  0 register dump:
PC      : 0x4008334b  PS      : 0x00060530  A0      : 0x80083a7e  A1      : 0x3ffb4cd0  
A2      : 0x3ffb4e20  A3      : 0x3ffb4d40  A4      : 0x00000000  A5      : 0x0000000c  
A6      : 0x3ffb49e0  A7      : 0x00000002  A8      : 0x800dec78  A9      : 0x3ffb4970  
A10     : 0x00000030  A11     : 0xffffffff  A12     : 0x00000030  A13     : 0x3ffb4b80  
A14     : 0x3ffb4980  A15     : 0x00000003  SAR     : 0x00000004  EXCCAUSE: 0x0000001c  
EXCVADDR: 0x00000088  LBEG    : 0x400014fd  LEND    : 0x4000150d  LCOUNT  : 0xfffffffd  


Backtrace: 0x40083348:0x3ffb4cd0 0x40083a7b:0x3ffb4cf0 0x40083bf8:0x3ffb4d20 0x400d592f:0x3ffb4d40 0x400d5aba:0x3ffb4da0 0x400d5879:0x3ffb4e20 0x400e5bb0:0x3ffb4e50 0x40088b51:0x3ffb4e80




ELF file SHA256: aca540a40546e2d5

Rebooting...
ets Jul 29 2019 12:21:46

rst:0xc (SW_CPU_RESET),boot:0x13 (SPI_FAST_FLASH_BOOT)
configsip: 0, SPIWP:0xee
clk_drv:0x00,q_drv:0x00,d_drv:0x00,cs0_drv:0x00,hd_drv:0x00,wp_drv:0x00
mode:DIO, clock div:2
load:0x3fff0030,len:7112
load:0x40078000,len:15624
load:0x40080400,len:4
load:0x40080404,len:3876
entry 0x4008064c
[0;32mI (29) boot: ESP-IDF v5.1.5 2nd stage bootloader[0m
[0;32mI (29) boot: compile time Nov  9 2024 17:18:17[0m
[0;32mI (29) boot: Multicore bootloader[0m
[0;32mI (33) boot: chip revision: v3.1[0m
[0;32mI (37) boot.esp32: SPI Speed      : 40MHz[0m
[0;32mI (42) boot.esp32: SPI Mode       : DIO[0m
[0;32mI (46) boot.esp32: SPI Flash Size : 4MB[0m
[0;32mI (51) boot: Enabling RNG early entropy source...[0m
[0;32mI (56) boot: Partition Table:[0m
[0;32mI (60) boot: ## Label            Usage          Type ST Offset   Length[0m
[0;32mI (67) boot:  0 nvs              WiFi data        01 02 00009000 00006000[0m
[0;32mI (75) boot:  1 phy_init         RF data          01 01 0000f000 00001000[0m
[0;32mI (82) boot:  2 factory          factory app      00 00 00010000 00100000[0m
[0;32mI (90) boot: End of partition table[0m
[0;32mI (94) esp_image: segment 0: paddr=00010020 vaddr=3f400020 size=0af40h ( 44864) map[0m
[0;32mI (119) esp_image: segment 1: paddr=0001af68 vaddr=3ffb0000 size=02290h (  8848) load[0m
[0;32mI (122) esp_image: segment 2: paddr=0001d200 vaddr=40080000 size=02e18h ( 11800) load[0m
[0;32mI (129) esp_image: segment 3: paddr=00020020 vaddr=400d0020 size=16384h ( 91012) map[0m
[0;32mI (166) esp_image: segment 4: paddr=000363ac vaddr=40082e18 size=0ac34h ( 44084) load[0m
[0;32mI (191) boot: Loaded app from partition at offset 0x10000[0m
[0;32mI (191) boot: Disabling RNG early entropy source...[0m
[0;32mI (203) cpu_start: Multicore app[0m
[0;32mI (204) cpu_start: Pro cpu up.[0m
[0;32mI (204) cpu_start: Starting app cpu, entry point is 0x400811ec[0m
[0;32mI (191) cpu_start: App cpu up.[0m
[0;32mI (221) cpu_start: Pro cpu start user code[0m
[0;32mI (221) cpu_start: cpu freq: 160000000 Hz[0m
[0;32mI (221) cpu_start: Application information:[0m
[0;32mI (226) cpu_start: Project name:     EPDTEST2[0m
[0;32mI (231) cpu_start: App version:      1[0m
[0;32mI (235) cpu_start: Compile time:     Nov 12 2024 18:12:21[0m
[0;32mI (242) cpu_start: ELF file SHA256:  aca540a40546e2d5...[0m
[0;32mI (248) cpu_start: ESP-IDF:          v5.1.5[0m
[0;32mI (252) cpu_start: Min chip rev:     v0.0[0m
[0;32mI (257) cpu_start: Max chip rev:     v3.99 [0m
[0;32mI (262) cpu_start: Chip rev:         v3.1[0m
[0;32mI (267) heap_init: Initializing. RAM available for dynamic allocation:[0m
[0;32mI (274) heap_init: At 3FFAE6E0 len 00001920 (6 KiB): DRAM[0m
[0;32mI (280) heap_init: At 3FFB2B50 len 0002D4B0 (181 KiB): DRAM[0m
[0;32mI (286) heap_init: At 3FFE0440 len 00003AE0 (14 KiB): D/IRAM[0m
[0;32mI (292) heap_init: At 3FFE4350 len 0001BCB0 (111 KiB): D/IRAM[0m
[0;32mI (299) heap_init: At 4008DA4C len 000125B4 (73 KiB): IRAM[0m
[0;32mI (307) spi_flash: detected chip: generic[0m
[0;32mI (310) spi_flash: flash io: dio[0m
[0;32mI (314) app_start: Starting scheduler on CPU0[0m
[0;32mI (319) app_start: Starting scheduler on CPU1[0m
[0;32mI (319) main_task: Started on CPU0[0m
[0;32mI (329) main_task: Calling app_main()[0m
[0;33mW (329) DISPLAY: Before EDP Reset[0m
[0;33mW (729) DISPLAY: After EDP Init [0m
[0;32mI (729) DISPLAY: EPD_DC_PIN level: 0[0m
[0;32mI (729) DISPLAY: EPD_CS_PIN level: 1[0m
Guru Meditation Error: Core  0 panic'ed (LoadProhibited). Exception was unhandled.

Core  0 register dump:
PC      : 0x4008334b  PS      : 0x00060530  A0      : 0x80083a7e  A1      : 0x3ffb4cd0  
A2      : 0x3ffb4e20  A3      : 0x3ffb4d40  A4      : 0x00000000  A5      : 0x0000000c  
A6      : 0x3ffb49e0  A7      : 0x00000002  A8      : 0x800dec78  A9      : 0x3ffb4970  
A10     : 0x00000030  A11     : 0xffffffff  A12     : 0x00000030  A13     : 0x3ffb4b80  
A14     : 0x3ffb4980  A15     : 0x00000003  SAR     : 0x00000004  EXCCAUSE: 0x0000001c  
EXCVADDR: 0x00000088  LBEG    : 0x400014fd  LEND    : 0x4000150d  LCOUNT  : 0xfffffffd  


Backtrace: 0x40083348:0x3ffb4cd0 0x40083a7b:0x3ffb4cf0 0x40083bf8:0x3ffb4d20 0x400d592f:0x3ffb4d40 0x400d5aba:0x3ffb4da0 0x400d5879:0x3ffb4e20 0x400e5bb0:0x3ffb4e50 0x40088b51:0x3ffb4e80




ELF file SHA256: aca540a40546e2d5

Rebooting...
ets Jul 29 2019 12:21:46

rst:0xc (SW_CPU_RESET),boot:0x13 (SPI_FAST_FLASH_BOOT)
configsip: 0, SPIWP:0xee
clk_drv:0x00,q_drv:0x00,d_drv:0x00,cs0_drv:0x00,hd_drv:0x00,wp_drv:0x00
mode:DIO, clock div:2
load:0x3fff0030,len:7112
load:0x40078000,len:15624
load:0x40080400,len:4
load:0x40080404,len:3876
entry 0x4008064c
[0;32mI (29) boot: ESP-IDF v5.1.5 2nd stage bootloader[0m
[0;32mI (29) boot: compile time Nov  9 2024 17:18:17[0m
[0;32mI (29) boot: Multicore bootloader[0m
[0;32mI (34) boot: chip revision: v3.1[0m
[0;32mI (37) boot.esp32: SPI Speed      : 40MHz[0m
[0;32mI (42) boot.esp32: SPI Mode       : DIO[0m
[0;32mI (46) boot.esp32: SPI Flash Size : 4MB[0m
[0;32mI (51) boot: Enabling RNG early entropy source...[0m
[0;32mI (56) boot: Partition Table:[0m
[0;32mI (60) boot: ## Label            Usage          Type ST Offset   Length[0m
[0;32mI (67) boot:  0 nvs              WiFi data        01 02 00009000 00006000[0m
[0;32mI (75) boot:  1 phy_init         RF data          01 01 0000f000 00001000[0m
[0;32mI (82) boot:  2 factory          factory app      00 00 00010000 00100000[0m
[0;32mI (90) boot: End of partition table[0m
[0;32mI (94) esp_image: segment 0: paddr=00010020 vaddr=3f400020 size=0af40h ( 44864) map[0m
[0;32mI (119) esp_image: segment 1: paddr=0001af68 vaddr=3ffb0000 size=02290h (  8848) load[0m
[0;32mI (122) esp_image: segment 2: paddr=0001d200 vaddr=40080000 size=02e18h ( 11800) load[0m
[0;32mI (129) esp_image: segment 3: paddr=00020020 vaddr=400d0020 size=16384h ( 91012) map[0m
[0;32mI (166) esp_image: segment 4: paddr=000363ac vaddr=40082e18 size=0ac34h ( 44084) load[0m
[0;32mI (191) boot: Loaded app from partition at offset 0x10000[0m
[0;32mI (191) boot: Disabling RNG early entropy source...[0m
[0;32mI (203) cpu_start: Multicore app[0m
[0;32mI (204) cpu_start: Pro cpu up.[0m
[0;32mI (204) cpu_start: Starting app cpu, entry point is 0x400811ec[0m
[0;32mI (191) cpu_start: App cpu up.[0m
[0;32mI (221) cpu_start: Pro cpu start user code[0m
[0;32mI (221) cpu_start: cpu freq: 160000000 Hz[0m
[0;32mI (221) cpu_start: Application information:[0m
[0;32mI (226) cpu_start: Project name:     EPDTEST2[0m
[0;32mI (231) cpu_start: App version:      1[0m
[0;32mI (235) cpu_start: Compile time:     Nov 12 2024 18:12:21[0m
[0;32mI (242) cpu_start: ELF file SHA256:  aca540a40546e2d5...[0m
[0;32mI (248) cpu_start: ESP-IDF:          v5.1.5[0m
[0;32mI (252) cpu_start: Min chip rev:     v0.0[0m
[0;32mI (257) cpu_start: Max chip rev:     v3.99 [0m
[0;32mI (262) cpu_start: Chip rev:         v3.1[0m
[0;32mI (267) heap_init: Initializing. RAM available for dynamic allocation:[0m
[0;32mI (274) heap_init: At 3FFAE6E0 len 00001920 (6 KiB): DRAM[0m
[0;32mI (280) heap_init: At 3FFB2B50 len 0002D4B0 (181 KiB): DRAM[0m
[0;32mI (286) heap_init: At 3FFE0440 len 00003AE0 (14 KiB): D/IRAM[0m
[0;32mI (292) heap_init: At 3FFE4350 len 0001BCB0 (111 KiB): D/IRAM[0m
[0;32mI (299) heap_init: At 4008DA4C len 000125B4 (73 KiB): IRAM[0m
[0;32mI (307) spi_flash: detected chip: generic[0m
[0;32mI (310) spi_flash: flash io: dio[0m
[0;32mI (314) app_start: Starting scheduler on CPU0[0m
[0;32mI (319) app_start: Starting scheduler on CPU1[0m
[0;32mI (319) main_task: Started on CPU0[0m
[0;32mI (329) main_task: Calling app_main()[0m
[0;33mW (329) DISPLAY: Before EDP Reset[0m
[0;33mW (729) DISPLAY: After EDP Init [0m
[0;32mI (729) DISPLAY: EPD_DC_PIN level: 0[0m
[0;32mI (729) DISPLAY: EPD_CS_PIN level: 1[0m
Guru Meditation Error: Core  0 panic'ed (LoadProhibited). Exception was unhandled.

Core  0 register dump:
PC      : 0x4008334b  PS      : 0x00060530  A0      : 0x80083a7e  A1      : 0x3ffb4cd0  
A2      : 0x3ffb4e20  A3      : 0x3ffb4d40  A4      : 0x00000000  A5      : 0x0000000c  
A6      : 0x3ffb49e0  A7      : 0x00000002  A8      : 0x800dec78  A9      : 0x3ffb4970  
A10     : 0x00000030  A11     : 0xffffffff  A12     : 0x00000030  A13     : 0x3ffb4b80  
A14     : 0x3ffb4980  A15     : 0x00000003  SAR     : 0x00000004  EXCCAUSE: 0x0000001c  
EXCVADDR: 0x00000088  LBEG    : 0x400014fd  LEND    : 0x4000150d  LCOUNT  : 0xfffffffd  


Backtrace: 0x40083348:0x3ffb4cd0 0x40083a7b:0x3ffb4cf0 0x40083bf8:0x3ffb4d20 0x400d592f:0x3ffb4d40 0x400d5aba:0x3ffb4da0 0x400d5879:0x3ffb4e20 0x400e5bb0:0x3ffb4e50 0x40088b51:0x3ffb4e80




ELF file SHA256: aca540a40546e2d5

Rebooting...
ets Jul 29 2019 12:21:46

rst:0xc (SW_CPU_RESET),boot:0x13 (SPI_FAST_FLASH_BOOT)
configsip: 0, SPIWP:0xee
clk_drv:0x00,q_drv:0x00,d_drv:0x00,cs0_drv:0x00,hd_drv:0x00,wp_drv:0x00
mode:DIO, clock div:2
load:0x3fff0030,len:7112
load:0x40078000,len:15624
load:0x40080400,len:4
load:0x40080404,len:3876
entry 0x4008064c
[0;32mI (29) boot: ESP-IDF v5.1.5 2nd stage bootloader[0m
[0;32mI (29) boot: compile time Nov  9 2024 17:18:17[0m
[0;32mI (29) boot: Multicore bootloader[0m
[0;32mI (33) boot: chip revision: v3.1[0m
[0;32mI (37) boot.esp32: SPI Speed      : 40MHz[0m
[0;32mI (42) boot.esp32: SPI Mode       : DIO[0m
[0;32mI (46) boot.esp32: SPI Flash Size : 4MB[0m
[0;32mI (51) boot: Enabling RNG early entropy source...[0m
[0;32mI (56) boot: Partition Table:[0m
[0;32mI (60) boot: ## Label            Usage          Type ST Offset   Length[0m
[0;32mI (67) boot:  0 nvs              WiFi data        01 02 00009000 00006000[0m
[0;32mI (75) boot:  1 phy_init         RF data          01 01 0000f000 00001000[0m
[0;32mI (82) boot:  2 factory          factory app      00 00 00010000 00100000[0m
[0;32mI (90) boot: End of partition table[0m
[0;32mI (94) esp_image: segment 0: paddr=00010020 vaddr=3f400020 size=0af40h ( 44864) map[0m
[0;32mI (119) esp_image: segment 1: paddr=0001af68 vaddr=3ffb0000 size=02290h (  8848) load[0m
[0;32mI (122) esp_image: segment 2: paddr=0001d200 vaddr=40080000 size=02e18h ( 11800) load[0m
[0;32mI (129) esp_image: segment 3: paddr=00020020 vaddr=400d0020 size=16384h ( 91012) map[0m
[0;32mI (166) esp_image: segment 4: paddr=000363ac vaddr=40082e18 size=0ac34h ( 44084) load[0m
[0;32mI (191) boot: Loaded app from partition at offset 0x10000[0m
[0;32mI (191) boot: Disabling RNG early entropy source...[0m
[0;32mI (203) cpu_start: Multicore app[0m
[0;32mI (204) cpu_start: Pro cpu up.[0m
[0;32mI (204) cpu_start: Starting app cpu, entry point is 0x400811ec[0m
[0;32mI (191) cpu_start: App cpu up.[0m
[0;32mI (221) cpu_start: Pro cpu start user code[0m
[0;32mI (221) cpu_start: cpu freq: 160000000 Hz[0m
[0;32mI (221) cpu_start: Application information:[0m
[0;32mI (226) cpu_start: Project name:     EPDTEST2[0m
[0;32mI (231) cpu_start: App version:      1[0m
[0;32mI (235) cpu_start: Compile time:     Nov 12 2024 18:12:21[0m
[0;32mI (242) cpu_start: ELF file SHA256:  aca540a40546e2d5...[0m
[0;32mI (248) cpu_start: ESP-IDF:          v5.1.5[0m
[0;32mI (252) cpu_start: Min chip rev:     v0.0[0m
[0;32mI (257) cpu_start: Max chip rev:     v3.99 [0m
[0;32mI (262) cpu_start: Chip rev:         v3.1[0m
[0;32mI (267) heap_init: Initializing. RAM available for dynamic allocation:[0m
[0;32mI (274) heap_init: At 3FFAE6E0 len 00001920 (6 KiB): DRAM[0m
[0;32mI (280) heap_init: At 3FFB2B50 len 0002D4B0 (181 KiB): DRAM[0m
[0;32mI (286) heap_init: At 3FFE0440 len 00003AE0 (14 KiB): D/IRAM[0m
[0;32mI (292) heap_init: At 3FFE4350 len 0001BCB0 (111 KiB): D/IRAM[0m
[0;32mI (299) heap_init: At 4008DA4C len 000125B4 (73 KiB): IRAM[0m
[0;32mI (307) spi_flash: detected chip: generic[0m
[0;32mI (310) spi_flash: flash io: dio[0m
[0;32mI (314) app_start: Starting scheduler on CPU0[0m
[0;32mI (319) app_start: Starting scheduler on CPU1[0m
[0;32mI (319) main_task: Started on CPU0[0m
[0;32mI (329) main_task: Calling app_main()[0m
[0;33mW (329) DISPLAY: Before EDP Reset[0m
